Read 1601 species x 97 samples

Selected 30 species with >=3 genomes:
  Streptococcus_gordonii                          16 genomes
  Cutibacterium_acnes                             52 genomes
  Streptococcus_oralis                            30 genomes
  Streptococcus_salivarius                        49 genomes
  Rothia_dentocariosa                              7 genomes
  Streptococcus_mutans                            37 genomes
  Prevotella_sp000257925                          10 genomes
  Streptococcus_parasanguinis_B                    6 genomes
  Veillonella_parvula_A                            8 genomes
  Actinomyces_oris                                 7 genomes
  Streptococcus_sanguinis                         45 genomes
  Streptococcus_sanguinis_H                       45 genomes
  Haemophilus_D_parainfluenzae                    25 genomes
  Ralstonia_mannitolilytica                       12 genomes
  Streptococcus_oralis_S                          30 genomes
  Granulicatella_adiacens                          3 genomes
  Neisseria_sp000186165                           12 genomes
  Klebsiella_variicola                           545 genomes
  Rothia_aeria                                     3 genomes
  Rothia_mucilaginosa_A                           13 genomes
  Neisseria_elongata                               4 genomes
  Pseudomonas_E_fluorescens_AN                    35 genomes
  Porphyromonas_gingivalis                        35 genomes
  Rothia_mucilaginosa                             13 genomes
  Rothia_kristinae                                 3 genomes
  Bosea_sp001556125                               20 genomes
  Methylobacterium_aquaticum                      11 genomes
  Streptococcus_anginosus_C                       28 genomes
  Streptococcus_sobrinus                           6 genomes
  Actinomyces_oris_C                               7 genomes

[Streptococcus_gordonii] copying 16 genomes...
  Building BcgI DB from 16 genomes...
  Built /lustre1/g/aos_shihuang/Strain2bScan/work/lim_orpi/dbs/Streptococcus_gordonii.db.tsv

[Cutibacterium_acnes] copying 48 genomes...
  Building BcgI DB from 48 genomes...
  Built /lustre1/g/aos_shihuang/Strain2bScan/work/lim_orpi/dbs/Cutibacterium_acnes.db.tsv

[Streptococcus_oralis] copying 29 genomes...
  Building BcgI DB from 29 genomes...
  Built /lustre1/g/aos_shihuang/Strain2bScan/work/lim_orpi/dbs/Streptococcus_oralis.db.tsv

[Streptococcus_salivarius] copying 39 genomes...
  Building BcgI DB from 39 genomes...
  Built /lustre1/g/aos_shihuang/Strain2bScan/work/lim_orpi/dbs/Streptococcus_salivarius.db.tsv

[Rothia_dentocariosa] copying 7 genomes...
  Building BcgI DB from 7 genomes...
  Built /lustre1/g/aos_shihuang/Strain2bScan/work/lim_orpi/dbs/Rothia_dentocariosa.db.tsv

[Streptococcus_mutans] copying 34 genomes...
  Building BcgI DB from 34 genomes...
  Built /lustre1/g/aos_shihuang/Strain2bScan/work/lim_orpi/dbs/Streptococcus_mutans.db.tsv

[Prevotella_sp000257925] copying 8 genomes...
  Building BcgI DB from 8 genomes...
  Built /lustre1/g/aos_shihuang/Strain2bScan/work/lim_orpi/dbs/Prevotella_sp000257925.db.tsv

[Streptococcus_parasanguinis_B] copying 5 genomes...
  Building BcgI DB from 5 genomes...
  Built /lustre1/g/aos_shihuang/Strain2bScan/work/lim_orpi/dbs/Streptococcus_parasanguinis_B.db.tsv

[Veillonella_parvula_A] copying 8 genomes...
  Building BcgI DB from 8 genomes...
  Built /lustre1/g/aos_shihuang/Strain2bScan/work/lim_orpi/dbs/Veillonella_parvula_A.db.tsv

[Actinomyces_oris] copying 5 genomes...
  Building BcgI DB from 5 genomes...
  Built /lustre1/g/aos_shihuang/Strain2bScan/work/lim_orpi/dbs/Actinomyces_oris.db.tsv

[Streptococcus_sanguinis] copying 45 genomes...
  Building BcgI DB from 45 genomes...
  Built /lustre1/g/aos_shihuang/Strain2bScan/work/lim_orpi/dbs/Streptococcus_sanguinis.db.tsv

[Streptococcus_sanguinis_H] copying 45 genomes...
  Building BcgI DB from 45 genomes...
  Built /lustre1/g/aos_shihuang/Strain2bScan/work/lim_orpi/dbs/Streptococcus_sanguinis_H.db.tsv

[Haemophilus_D_parainfluenzae] copying 19 genomes...
  Building BcgI DB from 19 genomes...
  Built /lustre1/g/aos_shihuang/Strain2bScan/work/lim_orpi/dbs/Haemophilus_D_parainfluenzae.db.tsv

[Ralstonia_mannitolilytica] copying 4 genomes...
  Building BcgI DB from 4 genomes...
  Built /lustre1/g/aos_shihuang/Strain2bScan/work/lim_orpi/dbs/Ralstonia_mannitolilytica.db.tsv

[Streptococcus_oralis_S] copying 29 genomes...
  Building BcgI DB from 29 genomes...
  Built /lustre1/g/aos_shihuang/Strain2bScan/work/lim_orpi/dbs/Streptococcus_oralis_S.db.tsv

[Granulicatella_adiacens] copying 3 genomes...
  Building BcgI DB from 3 genomes...
  Built /lustre1/g/aos_shihuang/Strain2bScan/work/lim_orpi/dbs/Granulicatella_adiacens.db.tsv

[Neisseria_sp000186165] copying 12 genomes...
  Building BcgI DB from 12 genomes...
  Built /lustre1/g/aos_shihuang/Strain2bScan/work/lim_orpi/dbs/Neisseria_sp000186165.db.tsv

[Klebsiella_variicola] copying 187 genomes...
  Building BcgI DB from 187 genomes...
  Built /lustre1/g/aos_shihuang/Strain2bScan/work/lim_orpi/dbs/Klebsiella_variicola.db.tsv

[Rothia_aeria] copying 3 genomes...
  Building BcgI DB from 3 genomes...
  Built /lustre1/g/aos_shihuang/Strain2bScan/work/lim_orpi/dbs/Rothia_aeria.db.tsv

[Rothia_mucilaginosa_A] copying 11 genomes...
  Building BcgI DB from 11 genomes...
  Built /lustre1/g/aos_shihuang/Strain2bScan/work/lim_orpi/dbs/Rothia_mucilaginosa_A.db.tsv

[Neisseria_elongata] copying 4 genomes...
  Building BcgI DB from 4 genomes...
  Built /lustre1/g/aos_shihuang/Strain2bScan/work/lim_orpi/dbs/Neisseria_elongata.db.tsv

[Pseudomonas_E_fluorescens_AN] copying 32 genomes...
  Building BcgI DB from 32 genomes...
  Built /lustre1/g/aos_shihuang/Strain2bScan/work/lim_orpi/dbs/Pseudomonas_E_fluorescens_AN.db.tsv

[Porphyromonas_gingivalis] copying 35 genomes...
  Building BcgI DB from 35 genomes...
  Built /lustre1/g/aos_shihuang/Strain2bScan/work/lim_orpi/dbs/Porphyromonas_gingivalis.db.tsv

[Rothia_mucilaginosa] copying 11 genomes...
  Building BcgI DB from 11 genomes...
  Built /lustre1/g/aos_shihuang/Strain2bScan/work/lim_orpi/dbs/Rothia_mucilaginosa.db.tsv

[Rothia_kristinae] copying 3 genomes...
  Building BcgI DB from 3 genomes...
  Built /lustre1/g/aos_shihuang/Strain2bScan/work/lim_orpi/dbs/Rothia_kristinae.db.tsv

[Bosea_sp001556125] copying 10 genomes...
  Building BcgI DB from 10 genomes...
  Built /lustre1/g/aos_shihuang/Strain2bScan/work/lim_orpi/dbs/Bosea_sp001556125.db.tsv

[Methylobacterium_aquaticum] copying 2 genomes...
  Building BcgI DB from 2 genomes...
  Built /lustre1/g/aos_shihuang/Strain2bScan/work/lim_orpi/dbs/Methylobacterium_aquaticum.db.tsv

[Streptococcus_anginosus_C] copying 24 genomes...
  Building BcgI DB from 24 genomes...
  Built /lustre1/g/aos_shihuang/Strain2bScan/work/lim_orpi/dbs/Streptococcus_anginosus_C.db.tsv

[Streptococcus_sobrinus] copying 6 genomes...
  Building BcgI DB from 6 genomes...
  Built /lustre1/g/aos_shihuang/Strain2bScan/work/lim_orpi/dbs/Streptococcus_sobrinus.db.tsv

[Actinomyces_oris_C] copying 5 genomes...
  Building BcgI DB from 5 genomes...
  Built /lustre1/g/aos_shihuang/Strain2bScan/work/lim_orpi/dbs/Actinomyces_oris_C.db.tsv

Done. DBs in /lustre1/g/aos_shihuang/Strain2bScan/work/lim_orpi/dbs
