2026-10-06 14:19:07,882 - Constructing matrix with dashing (jaccard index)
2026-10-06 14:19:19,050 - Hierarchical clustering
2026-10-06 14:19:20,850 - Constructing the tree
2026-10-06 14:32:07,403 - Inside cluster strains kmer sets construction
/host/StrainScan
3 11380862 0
22 10244066 0
1 11651394 0
20 10656664 0
25 10079972 0
9 11284912 0
24 10087178 0
23 10218966 0
26 9928400 0
21 10210772 0
27 9108536 0
19 10720970 0
14 11153416 0
15 10989562 0
7 11268854 0
16 10924060 0
12 10987608 0
8 11142664 1090
5 11289722 0
11 10936610 0
18 10941534 0
13 10948696 0
2 11370068 20406
4 11403902 0
17 10968140 0
6 10556022 2197412
10 10592406 722052
- The total running time of k-mer extraction is  561.243316411972  s

10 checking	1502
6 checking	118376
17 checking	232310
4 checking	46794
2 checking	42202
13 checking	161598
18 checking	192700
11 checking	159208
5 checking	242922
8 checking	85420
12 checking	89828
16 checking	178632
7 checking	488062
15 checking	359580
14 checking	1316774
19 checking	1574838
27 checking	755146
21 checking	1351022
26 checking	387032
23 checking	784258
24 checking	1322782
9 checking	1977804
25 checking	2249558
20 checking	1624216
1 checking	2654634
22 checking	2305740
3 checking	2618744
- The total running time of re-clustering is  21.940762281417847  s

10 k-mer removing...
6 k-mer removing...
28 k-mer removing...
17 k-mer removing...
4 k-mer removing...
2 k-mer removing...
29 k-mer removing...
13 k-mer removing...
31 k-mer removing...
30 k-mer removing...
32 k-mer removing...
18 k-mer removing...
11 k-mer removing...
5 k-mer removing...
33 k-mer removing...
8 k-mer removing...
34 k-mer removing...
12 k-mer removing...
35 k-mer removing...
16 k-mer removing...
37 k-mer removing...
36 k-mer removing...
38 k-mer removing...
7 k-mer removing...
39 k-mer removing...
15 k-mer removing...
40 k-mer removing...
14 k-mer removing...
42 k-mer removing...
19 k-mer removing...
27 k-mer removing...
21 k-mer removing...
26 k-mer removing...
23 k-mer removing...
44 k-mer removing...
24 k-mer removing...
43 k-mer removing...
9 k-mer removing...
41 k-mer removing...
25 k-mer removing...
20 k-mer removing...
1 k-mer removing...
46 k-mer removing...
45 k-mer removing...
50 k-mer removing...
22 k-mer removing...
48 k-mer removing...
47 k-mer removing...
51 k-mer removing...
49 k-mer removing...
52 k-mer removing...
3 k-mer removing...
53 k-mer removing...
10 k-mer set building...
10 waiting for reconstruction...
6 k-mer set building...
6 waiting for reconstruction...
28 k-mer set building...
28 waiting for reconstruction...
17 k-mer set building...
4 k-mer set building...
2 k-mer set building...
29 k-mer set building...
29 waiting for reconstruction...
13 k-mer set building...
31 k-mer set building...
30 k-mer set building...
30 waiting for reconstruction...
32 k-mer set building...
32 waiting for reconstruction...
18 k-mer set building...
11 k-mer set building...
5 k-mer set building...
33 k-mer set building...
33 waiting for reconstruction...
8 k-mer set building...
34 k-mer set building...
12 k-mer set building...
35 k-mer set building...
35 waiting for reconstruction...
16 k-mer set building...
37 k-mer set building...
36 k-mer set building...
36 waiting for reconstruction...
38 k-mer set building...
38 waiting for reconstruction...
7 k-mer set building...
39 k-mer set building...
15 k-mer set building...
40 k-mer set building...
14 k-mer set building...
42 k-mer set building...
19 k-mer set building...
27 k-mer set building...
21 k-mer set building...
26 k-mer set building...
23 k-mer set building...
44 k-mer set building...
24 k-mer set building...
43 k-mer set building...
9 k-mer set building...
41 k-mer set building...
25 k-mer set building...
20 k-mer set building...
1 k-mer set building...
46 k-mer set building...
45 k-mer set building...
50 k-mer set building...
22 k-mer set building...
48 k-mer set building...
47 k-mer set building...
51 k-mer set building...
49 k-mer set building...
52 k-mer set building...
3 k-mer set building...
53 k-mer set building...
10 k-mer set rebuilding...
6 k-mer set rebuilding...
28 k-mer set rebuilding...
29 k-mer set rebuilding...
30 k-mer set rebuilding...
32 k-mer set rebuilding...
33 k-mer set rebuilding...
35 k-mer set rebuilding...
36 k-mer set rebuilding...
38 k-mer set rebuilding...
- The total running time of tree-based indexing struture building is  178.7707986831665  s

2026-10-06 14:32:07 - StrainScan::build_DB::Step2-begin: Now we will extract kmers from unique region found by sibeliaz
2026-10-06 14:32:07 - StrainScan::build_DB:: C10- Build k-mer dict
2026-10-06 14:32:07 - StrainScan::build_DB:: C6- Build k-mer dict
2026-10-06 14:32:07 - StrainScan::build_DB:: C2- Build k-mer dict
2026-10-06 14:32:07 - StrainScan::build_DB:: C8- Build k-mer dict
Load kmer to dict...
Process:  1 / 2
Process:  2 / 2
2026-10-06 14:32:22 - StrainScan::build_DB:: C8- Merge genomes
2026-10-06 14:32:23 - StrainScan::build_DB:: C8- Run Sibeliaz
/opt/conda/envs/ss/bin/sibeliaz: line 108: free: command not found
/opt/conda/envs/ss/bin/sibeliaz: line 56: [: : integer expression expected
/opt/conda/envs/ss/bin/sibeliaz: line 60: [: : integer expression expected
Load kmer to dict...
Process:  1 / 3
Process:  2 / 3
Process:  3 / 3
2026-10-06 14:32:30 - StrainScan::build_DB:: C10- Merge genomes
Load kmer to dict...
Process:  1 / 3
Process:  2 / 3
Process:  3 / 3
2026-10-06 14:32:30 - StrainScan::build_DB:: C2- Merge genomes
2026-10-06 14:32:32 - StrainScan::build_DB:: C10- Run Sibeliaz
2026-10-06 14:32:32 - StrainScan::build_DB:: C2- Run Sibeliaz
/opt/conda/envs/ss/bin/sibeliaz: line 108: free: command not found
/opt/conda/envs/ss/bin/sibeliaz: line 108: free: command not found
/opt/conda/envs/ss/bin/sibeliaz: line 56: [: : integer expression expected
/opt/conda/envs/ss/bin/sibeliaz: line 60: [: : integer expression expected
/opt/conda/envs/ss/bin/sibeliaz: line 56: [: : integer expression expected
/opt/conda/envs/ss/bin/sibeliaz: line 60: [: : integer expression expected
sibeliaz -n -m 100 -k 15 -a 300 -o /host/Strain2bScan-paper/work/strainscan_headtohead_rerun/db/Escherichia_coli/Kmer_Sets_L2/Colinear_Block/C8/Blocks -t 8 /host/Strain2bScan-paper/work/strainscan_headtohead_rerun/db/Escherichia_coli/Kmer_Sets_L2/Colinear_Block/C8/Connect_Genomes/GCA_048568955.fasta /host/Strain2bScan-paper/work/strainscan_headtohead_rerun/db/Escherichia_coli/Kmer_Sets_L2/Colinear_Block/C8/Connect_Genomes/GCA_048568965.fasta
2026-10-06 14:32:58 - StrainScan::build_DB:: C8- Extract blocks from Sibeliaz output
sibeliaz -n -m 100 -k 15 -a 450 -o /host/Strain2bScan-paper/work/strainscan_headtohead_rerun/db/Escherichia_coli/Kmer_Sets_L2/Colinear_Block/C2/Blocks -t 8 /host/Strain2bScan-paper/work/strainscan_headtohead_rerun/db/Escherichia_coli/Kmer_Sets_L2/Colinear_Block/C2/Connect_Genomes/GCA_003018455.fasta /host/Strain2bScan-paper/work/strainscan_headtohead_rerun/db/Escherichia_coli/Kmer_Sets_L2/Colinear_Block/C2/Connect_Genomes/GCA_048568945.fasta /host/Strain2bScan-paper/work/strainscan_headtohead_rerun/db/Escherichia_coli/Kmer_Sets_L2/Colinear_Block/C2/Connect_Genomes/GCA_048571565.fasta
2026-10-06 14:33:09 - StrainScan::build_DB:: C2- Extract blocks from Sibeliaz output
sibeliaz -n -m 100 -k 15 -a 450 -o /host/Strain2bScan-paper/work/strainscan_headtohead_rerun/db/Escherichia_coli/Kmer_Sets_L2/Colinear_Block/C10/Blocks -t 8 /host/Strain2bScan-paper/work/strainscan_headtohead_rerun/db/Escherichia_coli/Kmer_Sets_L2/Colinear_Block/C10/Connect_Genomes/GCA_048571605.fasta /host/Strain2bScan-paper/work/strainscan_headtohead_rerun/db/Escherichia_coli/Kmer_Sets_L2/Colinear_Block/C10/Connect_Genomes/GCA_024300685.fasta /host/Strain2bScan-paper/work/strainscan_headtohead_rerun/db/Escherichia_coli/Kmer_Sets_L2/Colinear_Block/C10/Connect_Genomes/GCA_048571815.fasta
2026-10-06 14:33:10 - StrainScan::build_DB:: C10- Extract blocks from Sibeliaz output
Load kmer to dict...
Process:  1 / 19
Process:  2 / 19
Process:  3 / 19
Process:  4 / 19
Process:  5 / 19
Process:  6 / 19
Process:  7 / 19
Process:  8 / 19
Process:  9 / 19
Process:  10 / 19
Process:  11 / 19
Process:  12 / 19
Process:  13 / 19
Process:  14 / 19
Process:  15 / 19
Process:  16 / 19
Process:  17 / 19
Process:  18 / 19
Process:  19 / 19
2026-10-06 14:34:29 - StrainScan::build_DB:: C6- Merge genomes
2026-10-06 14:34:33 - StrainScan::build_DB:: C6- Run Sibeliaz
/opt/conda/envs/ss/bin/sibeliaz: line 108: free: command not found
/opt/conda/envs/ss/bin/sibeliaz: line 56: [: : integer expression expected
/opt/conda/envs/ss/bin/sibeliaz: line 60: [: : integer expression expected
2026-10-06 14:35:20 - StrainScan::build_DB:: C8- Unique k-mer extract
::Scan unique kmer inside cluster and output
Log: GCA_048568955 988 988 0
Log: GCA_048568965 98 98 0
Unique part -> kid_match: 1086 , kmatrix: 1086
2026-10-06 14:35:29 - StrainScan::build_DB:: C8- Partial k-mer extract
Partial Unique part -> kid_match: 1086 , kmatrix: 1086
2026-10-06 14:35:29 - StrainScan::build_DB:: C8- Global k-mer extract and build matrix
2026-10-06 14:36:48 - StrainScan::build_DB:: C10- Unique k-mer extract
2026-10-06 14:36:49 - StrainScan::build_DB:: C2- Unique k-mer extract
sibeliaz -n -m 100 -k 15 -a 2850 -o /host/Strain2bScan-paper/work/strainscan_headtohead_rerun/db/Escherichia_coli/Kmer_Sets_L2/Colinear_Block/C6/Blocks -t 8 /host/Strain2bScan-paper/work/strainscan_headtohead_rerun/db/Escherichia_coli/Kmer_Sets_L2/Colinear_Block/C6/Connect_Genomes/GCA_027925825.fasta /host/Strain2bScan-paper/work/strainscan_headtohead_rerun/db/Escherichia_coli/Kmer_Sets_L2/Colinear_Block/C6/Connect_Genomes/GCA_048571835.fasta /host/Strain2bScan-paper/work/strainscan_headtohead_rerun/db/Escherichia_coli/Kmer_Sets_L2/Colinear_Block/C6/Connect_Genomes/GCA_027925765.fasta /host/Strain2bScan-paper/work/strainscan_headtohead_rerun/db/Escherichia_coli/Kmer_Sets_L2/Colinear_Block/C6/Connect_Genomes/GCA_048571425.fasta /host/Strain2bScan-paper/work/strainscan_headtohead_rerun/db/Escherichia_coli/Kmer_Sets_L2/Colinear_Block/C6/Connect_Genomes/GCA_003018035.fasta /host/Strain2bScan-paper/work/strainscan_headtohead_rerun/db/Escherichia_coli/Kmer_Sets_L2/Colinear_Block/C6/Connect_Genomes/GCA_048569015.fasta /host/Strain2bScan-paper/work/strainscan_headtohead_rerun/db/Escherichia_coli/Kmer_Sets_L2/Colinear_Block/C6/Connect_Genomes/GCA_048571525.fasta /host/Strain2bScan-paper/work/strainscan_headtohead_rerun/db/Escherichia_coli/Kmer_Sets_L2/Colinear_Block/C6/Connect_Genomes/GCA_027925845.fasta /host/Strain2bScan-paper/work/strainscan_headtohead_rerun/db/Escherichia_coli/Kmer_Sets_L2/Colinear_Block/C6/Connect_Genomes/GCA_048571315.fasta /host/Strain2bScan-paper/work/strainscan_headtohead_rerun/db/Escherichia_coli/Kmer_Sets_L2/Colinear_Block/C6/Connect_Genomes/GCA_027925805.fasta /host/Strain2bScan-paper/work/strainscan_headtohead_rerun/db/Escherichia_coli/Kmer_Sets_L2/Colinear_Block/C6/Connect_Genomes/GCA_048571305.fasta /host/Strain2bScan-paper/work/strainscan_headtohead_rerun/db/Escherichia_coli/Kmer_Sets_L2/Colinear_Block/C6/Connect_Genomes/GCA_048571515.fasta /host/Strain2bScan-paper/work/strainscan_headtohead_rerun/db/Escherichia_coli/Kmer_Sets_L2/Colinear_Block/C6/Connect_Genomes/GCA_048571825.fasta /host/Strain2bScan-paper/work/strainscan_headtohead_rerun/db/Escherichia_coli/Kmer_Sets_L2/Colinear_Block/C6/Connect_Genomes/GCA_048571415.fasta /host/Strain2bScan-paper/work/strainscan_headtohead_rerun/db/Escherichia_coli/Kmer_Sets_L2/Colinear_Block/C6/Connect_Genomes/GCA_048571795.fasta /host/Strain2bScan-paper/work/strainscan_headtohead_rerun/db/Escherichia_coli/Kmer_Sets_L2/Colinear_Block/C6/Connect_Genomes/GCA_048569005.fasta /host/Strain2bScan-paper/work/strainscan_headtohead_rerun/db/Escherichia_coli/Kmer_Sets_L2/Colinear_Block/C6/Connect_Genomes/GCA_048571655.fasta /host/Strain2bScan-paper/work/strainscan_headtohead_rerun/db/Escherichia_coli/Kmer_Sets_L2/Colinear_Block/C6/Connect_Genomes/GCA_048568925.fasta /host/Strain2bScan-paper/work/strainscan_headtohead_rerun/db/Escherichia_coli/Kmer_Sets_L2/Colinear_Block/C6/Connect_Genomes/GCA_001721125.fasta
2026-10-06 14:36:56 - StrainScan::build_DB:: C6- Extract blocks from Sibeliaz output
::Scan unique kmer inside cluster and output
Log: GCA_048571605 294 294 0
Log: GCA_024300685 100001 405360 0
Log: GCA_048571815 204 204 0
Unique part -> kid_match: 100499 , kmatrix: 100499
2026-10-06 14:36:57 - StrainScan::build_DB:: C10- Partial k-mer extract
::Scan unique kmer inside cluster and output
Log: GCA_003018455 4402 4402 0
Log: GCA_048568945 244 244 0
Log: GCA_048571565 184 184 0
Unique part -> kid_match: 4830 , kmatrix: 4830
2026-10-06 14:36:58 - StrainScan::build_DB:: C2- Partial k-mer extract
Partial Unique part -> kid_match: 17996 , kmatrix: 17996
2026-10-06 14:36:59 - StrainScan::build_DB:: C2- Global k-mer extract and build matrix
Partial Unique part -> kid_match: 308827 , kmatrix: 308827
2026-10-06 14:37:00 - StrainScan::build_DB:: C10- Global k-mer extract and build matrix
2026-10-06 14:49:33 - StrainScan::build_DB:: C6- Unique k-mer extract
::Scan unique kmer inside cluster and output
Log: GCA_027925825 100001 135964 0
Log: GCA_048571835 100001 114576 0
Log: GCA_027925765 10718 10718 0
Log: GCA_048571425 1708 1708 0
Log: GCA_003018035 16956 16956 0
Log: GCA_048569015 12912 12912 0
Log: GCA_048571525 4568 4568 0
Log: GCA_027925845 100001 100602 0
Log: GCA_048571315 42488 42488 0
Log: GCA_027925805 66780 66780 0
Log: GCA_048571305 12754 12754 0
Log: GCA_048571515 56266 56266 0
Log: GCA_048571825 24986 24986 0
Log: GCA_048571415 25562 25562 0
Log: GCA_048571795 9324 9324 0
Log: GCA_048569005 4450 4450 0
Log: GCA_048571655 3910 3910 0
Log: GCA_048568925 100001 103118 0
Log: GCA_001721125 20038 20038 0
Unique part -> kid_match: 713424 , kmatrix: 713424
2026-10-06 14:50:23 - StrainScan::build_DB:: C6- Partial k-mer extract
Partial Unique part -> kid_match: 2192902 , kmatrix: 2192902
2026-10-06 14:50:54 - StrainScan::build_DB:: C6- Global k-mer extract and build matrix
2026-10-06 14:35:55 - StrainScan::build_DB: C8- Fill the Sparse matrix: Row:  1086  Column:  2
2026-10-06 14:35:55 - StrainScan::build_DB: C8- Recluster matrix
2026-10-06 14:35:57 - StrainScan::build_DB: C8- The current cluster is finished!
2026-10-06 14:37:31 - StrainScan::build_DB: C2- Fill the Sparse matrix: Row:  19776  Column:  3
2026-10-06 14:37:32 - StrainScan::build_DB: C2- Recluster matrix
2026-10-06 14:37:34 - StrainScan::build_DB: C2- The current cluster is finished!
2026-10-06 14:37:34 - StrainScan::build_DB: C10- Fill the Sparse matrix: Row:  385167  Column:  3
2026-10-06 14:37:55 - StrainScan::build_DB: C10- Recluster matrix
2026-10-06 14:37:58 - StrainScan::build_DB: C10- The current cluster is finished!
2026-10-06 14:53:33 - StrainScan::build_DB: C6- Fill the Sparse matrix: Row:  2639030  Column:  19
2026-10-06 14:56:00 - StrainScan::build_DB: C6- Recluster matrix
2026-10-06 14:56:04 - StrainScan::build_DB: C6- The current cluster is finished!
2026-10-06 14:56:08,886 - Building Overlap matrix
2026-10-06 14:56:08 - StrainScan::build_DB:: Build sparse matices done - Current Memory Usage: 0.3398 GB
2026-10-06 14:56:08 - StrainScan::build_DB:: - Build omatrix cls k-mer dict...
2026-10-06 15:01:56 - StrainScan::build_DB:: - Build omatrix cls k-mer dict... Done
2026-10-06 15:01:56 - StrainScan::build_DB:: C6- Build overlap matrix...
2026-10-06 15:04:33 - StrainScan::build_DB:: C6- Current Memory Usage: 22.2984 GB
2026-10-06 15:04:33 - StrainScan::build_DB:: C6- Omatrix finished
2026-10-06 15:04:33 - StrainScan::build_DB:: C2- Build overlap matrix...
2026-10-06 15:04:34 - StrainScan::build_DB:: C2- Current Memory Usage: 21.8698 GB
2026-10-06 15:04:34 - StrainScan::build_DB:: C2- Omatrix finished
2026-10-06 15:04:34 - StrainScan::build_DB:: C10- Build overlap matrix...
2026-10-06 15:04:58 - StrainScan::build_DB:: C10- Current Memory Usage: 21.9242 GB
2026-10-06 15:04:58 - StrainScan::build_DB:: C10- Omatrix finished
2026-10-06 15:04:58 - StrainScan::build_DB:: C8- Build overlap matrix...
2026-10-06 15:04:58 - StrainScan::build_DB:: C8- Current Memory Usage: 21.8841 GB
2026-10-06 15:04:58 - StrainScan::build_DB:: C8- Omatrix finished
2026-10-06 15:04:58 - StrainScan::build_DB:: - All omatrices are finished now.
