2026-10-06 15:05:14,357 - Constructing matrix with dashing (jaccard index)
2026-10-06 15:05:24,869 - Hierarchical clustering
2026-10-06 15:05:27,134 - Constructing the tree
2026-10-06 15:08:43,988 - Inside cluster strains kmer sets construction
/host/StrainScan
9 4459682 0
13 4311420 0
5 4517514 0
18 4182088 0
19 4101280 0
6 4521872 0
7 4520734 0
16 4186644 0
17 4163472 0
14 4267046 0
3 4499592 0
4 4516320 0
8 4428834 3332
15 4250316 10566
1 4791814 0
11 4304154 0
12 4284942 0
2 4625862 0
10 4377110 0
- The total running time of k-mer extraction is  126.29629278182983  s

10 checking	59326
2 checking	308078
12 checking	430152
11 checking	459092
1 checking	291584
15 checking	354940
8 checking	380966
4 checking	272570
3 checking	273058
14 checking	305178
17 checking	911258
16 checking	905286
7 checking	216750
6 checking	127880
19 checking	752292
18 checking	863762
5 checking	305564
13 checking	1287012
9 checking	1398858
- The total running time of re-clustering is  7.22572660446167  s

10 k-mer removing...
2 k-mer removing...
12 k-mer removing...
11 k-mer removing...
20 k-mer removing...
1 k-mer removing...
24 k-mer removing...
15 k-mer removing...
21 k-mer removing...
8 k-mer removing...
25 k-mer removing...
23 k-mer removing...
4 k-mer removing...
3 k-mer removing...
26 k-mer removing...
14 k-mer removing...
17 k-mer removing...
16 k-mer removing...
28 k-mer removing...
27 k-mer removing...
7 k-mer removing...
6 k-mer removing...
32 k-mer removing...
19 k-mer removing...
29 k-mer removing...
22 k-mer removing...
33 k-mer removing...
18 k-mer removing...
30 k-mer removing...
5 k-mer removing...
35 k-mer removing...
31 k-mer removing...
13 k-mer removing...
9 k-mer removing...
36 k-mer removing...
34 k-mer removing...
37 k-mer removing...
10 k-mer set building...
2 k-mer set building...
12 k-mer set building...
11 k-mer set building...
20 k-mer set building...
1 k-mer set building...
24 k-mer set building...
15 k-mer set building...
21 k-mer set building...
8 k-mer set building...
25 k-mer set building...
23 k-mer set building...
4 k-mer set building...
3 k-mer set building...
26 k-mer set building...
14 k-mer set building...
17 k-mer set building...
16 k-mer set building...
28 k-mer set building...
27 k-mer set building...
27 waiting for reconstruction...
7 k-mer set building...
6 k-mer set building...
32 k-mer set building...
19 k-mer set building...
29 k-mer set building...
22 k-mer set building...
33 k-mer set building...
18 k-mer set building...
30 k-mer set building...
5 k-mer set building...
35 k-mer set building...
31 k-mer set building...
13 k-mer set building...
9 k-mer set building...
36 k-mer set building...
34 k-mer set building...
37 k-mer set building...
27 k-mer set rebuilding...
- The total running time of tree-based indexing struture building is  61.95880126953125  s

2026-10-06 15:08:43 - StrainScan::build_DB::Step2-begin: Now we will extract kmers from unique region found by sibeliaz
2026-10-06 15:08:44 - StrainScan::build_DB:: C15- Build k-mer dict
2026-10-06 15:08:44 - StrainScan::build_DB:: C8- Build k-mer dict
Load kmer to dict...
Process:  1 / 2
Process:  2 / 2
2026-10-06 15:08:49 - StrainScan::build_DB:: C8- Merge genomes
2026-10-06 15:08:49 - StrainScan::build_DB:: C8- Run Sibeliaz
/opt/conda/envs/ss/bin/sibeliaz: line 108: free: command not found
/opt/conda/envs/ss/bin/sibeliaz: line 56: [: : integer expression expected
/opt/conda/envs/ss/bin/sibeliaz: line 60: [: : integer expression expected
Load kmer to dict...
Process:  1 / 6
Process:  2 / 6
Process:  3 / 6
Process:  4 / 6
Process:  5 / 6
Process:  6 / 6
2026-10-06 15:08:58 - StrainScan::build_DB:: C15- Merge genomes
sibeliaz -n -m 100 -k 15 -a 300 -o /host/Strain2bScan-paper/work/strainscan_headtohead_rerun/db/Fusobacterium_nucleatum/Kmer_Sets_L2/Colinear_Block/C8/Blocks -t 8 /host/Strain2bScan-paper/work/strainscan_headtohead_rerun/db/Fusobacterium_nucleatum/Kmer_Sets_L2/Colinear_Block/C8/Connect_Genomes/GCA_037889125.fasta /host/Strain2bScan-paper/work/strainscan_headtohead_rerun/db/Fusobacterium_nucleatum/Kmer_Sets_L2/Colinear_Block/C8/Connect_Genomes/GCA_050233295.fasta
2026-10-06 15:08:58 - StrainScan::build_DB:: C8- Extract blocks from Sibeliaz output
2026-10-06 15:08:59 - StrainScan::build_DB:: C15- Run Sibeliaz
/opt/conda/envs/ss/bin/sibeliaz: line 108: free: command not found
/opt/conda/envs/ss/bin/sibeliaz: line 56: [: : integer expression expected
/opt/conda/envs/ss/bin/sibeliaz: line 60: [: : integer expression expected
sibeliaz -n -m 100 -k 15 -a 900 -o /host/Strain2bScan-paper/work/strainscan_headtohead_rerun/db/Fusobacterium_nucleatum/Kmer_Sets_L2/Colinear_Block/C15/Blocks -t 8 /host/Strain2bScan-paper/work/strainscan_headtohead_rerun/db/Fusobacterium_nucleatum/Kmer_Sets_L2/Colinear_Block/C15/Connect_Genomes/GCA_050920715.fasta /host/Strain2bScan-paper/work/strainscan_headtohead_rerun/db/Fusobacterium_nucleatum/Kmer_Sets_L2/Colinear_Block/C15/Connect_Genomes/GCA_031191795.fasta /host/Strain2bScan-paper/work/strainscan_headtohead_rerun/db/Fusobacterium_nucleatum/Kmer_Sets_L2/Colinear_Block/C15/Connect_Genomes/GCA_056333145.fasta /host/Strain2bScan-paper/work/strainscan_headtohead_rerun/db/Fusobacterium_nucleatum/Kmer_Sets_L2/Colinear_Block/C15/Connect_Genomes/GCA_037900345.fasta /host/Strain2bScan-paper/work/strainscan_headtohead_rerun/db/Fusobacterium_nucleatum/Kmer_Sets_L2/Colinear_Block/C15/Connect_Genomes/GCA_003019295.fasta /host/Strain2bScan-paper/work/strainscan_headtohead_rerun/db/Fusobacterium_nucleatum/Kmer_Sets_L2/Colinear_Block/C15/Connect_Genomes/GCA_964642115.fasta
2026-10-06 15:09:17 - StrainScan::build_DB:: C15- Extract blocks from Sibeliaz output
2026-10-06 15:09:28 - StrainScan::build_DB:: C8- Unique k-mer extract
::Scan unique kmer inside cluster and output
Log: GCA_037889125 1678 1678 0
Log: GCA_050233295 1650 1650 0
Unique part -> kid_match: 3328 , kmatrix: 3328
2026-10-06 15:09:30 - StrainScan::build_DB:: C8- Partial k-mer extract
Partial Unique part -> kid_match: 3328 , kmatrix: 3328
2026-10-06 15:09:30 - StrainScan::build_DB:: C8- Global k-mer extract and build matrix
2026-10-06 15:10:25 - StrainScan::build_DB:: C15- Unique k-mer extract
::Scan unique kmer inside cluster and output
Log: GCA_050920715 1574 1574 0
Log: GCA_031191795 202 202 0
Log: GCA_056333145 492 492 0
Log: GCA_037900345 432 432 0
Log: GCA_003019295 62 62 0
Log: GCA_964642115 4632 4632 0
Unique part -> kid_match: 7394 , kmatrix: 7394
2026-10-06 15:10:31 - StrainScan::build_DB:: C15- Partial k-mer extract
Partial Unique part -> kid_match: 35844 , kmatrix: 35844
2026-10-06 15:10:31 - StrainScan::build_DB:: C15- Global k-mer extract and build matrix
2026-10-06 15:09:39 - StrainScan::build_DB: C8- Fill the Sparse matrix: Row:  3328  Column:  2
2026-10-06 15:09:39 - StrainScan::build_DB: C8- Recluster matrix
2026-10-06 15:09:41 - StrainScan::build_DB: C8- The current cluster is finished!
2026-10-06 15:10:52 - StrainScan::build_DB: C15- Fill the Sparse matrix: Row:  46006  Column:  6
2026-10-06 15:10:54 - StrainScan::build_DB: C15- Recluster matrix
2026-10-06 15:10:57 - StrainScan::build_DB: C15- The current cluster is finished!
2026-10-06 15:10:58,612 - Building Overlap matrix
2026-10-06 15:10:58 - StrainScan::build_DB:: Build sparse matices done - Current Memory Usage: 0.3561 GB
2026-10-06 15:10:58 - StrainScan::build_DB:: - Build omatrix cls k-mer dict...
2026-10-06 15:12:08 - StrainScan::build_DB:: - Build omatrix cls k-mer dict... Done
2026-10-06 15:12:08 - StrainScan::build_DB:: C15- Build overlap matrix...
2026-10-06 15:12:10 - StrainScan::build_DB:: C15- Current Memory Usage: 7.8664 GB
2026-10-06 15:12:10 - StrainScan::build_DB:: C15- Omatrix finished
2026-10-06 15:12:10 - StrainScan::build_DB:: C8- Build overlap matrix...
2026-10-06 15:12:10 - StrainScan::build_DB:: C8- Current Memory Usage: 7.8666 GB
2026-10-06 15:12:10 - StrainScan::build_DB:: C8- Omatrix finished
2026-10-06 15:12:10 - StrainScan::build_DB:: - All omatrices are finished now.
