2026-10-06 15:12:14,928 - Constructing matrix with dashing (jaccard index)
2026-10-06 15:12:22,991 - Hierarchical clustering
2026-10-06 15:12:24,479 - Constructing the tree
2026-10-06 15:20:59,034 - Inside cluster strains kmer sets construction
/host/StrainScan
28 0 0
5 11878528 0
6 11799314 0
19 11476808 0
21 11206226 0
9 11708772 0
12 11549178 0
13 11627270 0
8 11439390 33848
18 11507118 0
23 11250216 0
24 11180468 11714
20 10998282 0
17 11494932 0
27 10942530 0
14 11523036 0
15 11473296 0
25 11152214 0
1 11845476 0
3 11746368 0
11 10985024 1710468
4 12121038 0
26 10971026 4820
10 11738560 0
2 11221890 0
22 11045628 0
7 11382180 395378
16 11453914 0
- The total running time of k-mer extraction is  428.8210744857788  s

16 checking	276772
7 checking	294458
22 checking	171220
2 checking	11986
10 checking	357908
26 checking	202078
4 checking	505080
11 checking	228090
3 checking	444678
1 checking	670170
25 checking	551450
15 checking	51652
14 checking	190204
27 checking	372878
17 checking	621734
20 checking	1900820
24 checking	1208222
23 checking	154502
18 checking	178486
8 checking	1238072
13 checking	281414
12 checking	211146
9 checking	226940
21 checking	1108100
19 checking	893304
6 checking	784286
5 checking	532784
28 checking	0
29 28 1 {0, 46}
29 11117596 727880
29 checking	651346
- The total running time of re-clustering is  38.01347780227661  s

27 k-mer removing...
26 k-mer removing...
25 k-mer removing...
24 k-mer removing...
53 k-mer removing...
23 k-mer removing...
52 k-mer removing...
22 k-mer removing...
51 k-mer removing...
21 k-mer removing...
50 k-mer removing...
49 k-mer removing...
48 k-mer removing...
20 k-mer removing...
47 k-mer removing...
19 k-mer removing...
46 k-mer removing...
18 k-mer removing...
45 k-mer removing...
17 k-mer removing...
16 k-mer removing...
15 k-mer removing...
44 k-mer removing...
43 k-mer removing...
14 k-mer removing...
13 k-mer removing...
42 k-mer removing...
41 k-mer removing...
40 k-mer removing...
12 k-mer removing...
39 k-mer removing...
11 k-mer removing...
10 k-mer removing...
9 k-mer removing...
38 k-mer removing...
8 k-mer removing...
37 k-mer removing...
7 k-mer removing...
36 k-mer removing...
35 k-mer removing...
6 k-mer removing...
5 k-mer removing...
34 k-mer removing...
33 k-mer removing...
32 k-mer removing...
4 k-mer removing...
31 k-mer removing...
3 k-mer removing...
2 k-mer removing...
1 k-mer removing...
30 k-mer removing...
29 k-mer removing...
28 k-mer removing...
27 k-mer set building...
26 k-mer set building...
25 k-mer set building...
24 k-mer set building...
53 k-mer set building...
53 waiting for reconstruction...
23 k-mer set building...
52 k-mer set building...
52 waiting for reconstruction...
22 k-mer set building...
51 k-mer set building...
51 waiting for reconstruction...
21 k-mer set building...
50 k-mer set building...
50 waiting for reconstruction...
49 k-mer set building...
49 waiting for reconstruction...
48 k-mer set building...
48 waiting for reconstruction...
20 k-mer set building...
47 k-mer set building...
47 waiting for reconstruction...
19 k-mer set building...
46 k-mer set building...
18 k-mer set building...
45 k-mer set building...
17 k-mer set building...
16 k-mer set building...
15 k-mer set building...
44 k-mer set building...
43 k-mer set building...
14 k-mer set building...
13 k-mer set building...
42 k-mer set building...
41 k-mer set building...
40 k-mer set building...
12 k-mer set building...
39 k-mer set building...
11 k-mer set building...
10 k-mer set building...
9 k-mer set building...
38 k-mer set building...
8 k-mer set building...
37 k-mer set building...
7 k-mer set building...
36 k-mer set building...
35 k-mer set building...
6 k-mer set building...
5 k-mer set building...
34 k-mer set building...
33 k-mer set building...
32 k-mer set building...
4 k-mer set building...
31 k-mer set building...
3 k-mer set building...
2 k-mer set building...
1 k-mer set building...
30 k-mer set building...
29 k-mer set building...
28 k-mer set building...
53 k-mer set rebuilding...
52 k-mer set rebuilding...
51 k-mer set rebuilding...
50 k-mer set rebuilding...
49 k-mer set rebuilding...
48 k-mer set rebuilding...
47 k-mer set rebuilding...
- The total running time of tree-based indexing struture building is  45.66991853713989  s

2026-10-06 15:20:59 - StrainScan::build_DB::Step2-begin: Now we will extract kmers from unique region found by sibeliaz
2026-10-06 15:20:59 - StrainScan::build_DB:: C20- Build k-mer dict
2026-10-06 15:20:59 - StrainScan::build_DB:: C8- Build k-mer dict
2026-10-06 15:20:59 - StrainScan::build_DB:: C22- Build k-mer dict
2026-10-06 15:20:59 - StrainScan::build_DB:: C26- Build k-mer dict
2026-10-06 15:20:59 - StrainScan::build_DB:: C18- Build k-mer dict
2026-10-06 15:20:59 - StrainScan::build_DB:: C11- Build k-mer dict
Load kmer to dict...
Process:  1 / 2
Process:  2 / 2
2026-10-06 15:21:11 - StrainScan::build_DB:: C11- Merge genomes
2026-10-06 15:21:11 - StrainScan::build_DB:: C11- Run Sibeliaz
/opt/conda/envs/ss/bin/sibeliaz: line 108: free: command not found
/opt/conda/envs/ss/bin/sibeliaz: line 56: [: : integer expression expected
/opt/conda/envs/ss/bin/sibeliaz: line 60: [: : integer expression expected
Load kmer to dict...
Process:  1 / 2
Process:  2 / 2
2026-10-06 15:21:12 - StrainScan::build_DB:: C26- Merge genomes
Load kmer to dict...
Process:  1 / 2
Process:  2 / 2
2026-10-06 15:21:12 - StrainScan::build_DB:: C18- Merge genomes
2026-10-06 15:21:12 - StrainScan::build_DB:: C26- Run Sibeliaz
2026-10-06 15:21:12 - StrainScan::build_DB:: C18- Run Sibeliaz
/opt/conda/envs/ss/bin/sibeliaz: line 108: free: command not found
/opt/conda/envs/ss/bin/sibeliaz: line 56: [: : integer expression expected
/opt/conda/envs/ss/bin/sibeliaz: line 108: free: command not found
/opt/conda/envs/ss/bin/sibeliaz: line 60: [: : integer expression expected
/opt/conda/envs/ss/bin/sibeliaz: line 56: [: : integer expression expected
/opt/conda/envs/ss/bin/sibeliaz: line 60: [: : integer expression expected
sibeliaz -n -m 100 -k 15 -a 300 -o /host/Strain2bScan-paper/work/strainscan_headtohead_rerun/db/Klebsiella_pneumoniae/Kmer_Sets_L2/Colinear_Block/C11/Blocks -t 8 /host/Strain2bScan-paper/work/strainscan_headtohead_rerun/db/Klebsiella_pneumoniae/Kmer_Sets_L2/Colinear_Block/C11/Connect_Genomes/GCA_048961795.fasta /host/Strain2bScan-paper/work/strainscan_headtohead_rerun/db/Klebsiella_pneumoniae/Kmer_Sets_L2/Colinear_Block/C11/Connect_Genomes/GCA_048961785.fasta
2026-10-06 15:21:18 - StrainScan::build_DB:: C11- Extract blocks from Sibeliaz output
sibeliaz -n -m 100 -k 15 -a 300 -o /host/Strain2bScan-paper/work/strainscan_headtohead_rerun/db/Klebsiella_pneumoniae/Kmer_Sets_L2/Colinear_Block/C26/Blocks -t 8 /host/Strain2bScan-paper/work/strainscan_headtohead_rerun/db/Klebsiella_pneumoniae/Kmer_Sets_L2/Colinear_Block/C26/Connect_Genomes/GCA_024496165.fasta /host/Strain2bScan-paper/work/strainscan_headtohead_rerun/db/Klebsiella_pneumoniae/Kmer_Sets_L2/Colinear_Block/C26/Connect_Genomes/GCA_028471925.fasta
2026-10-06 15:21:18 - StrainScan::build_DB:: C26- Extract blocks from Sibeliaz output
sibeliaz -n -m 100 -k 15 -a 300 -o /host/Strain2bScan-paper/work/strainscan_headtohead_rerun/db/Klebsiella_pneumoniae/Kmer_Sets_L2/Colinear_Block/C18/Blocks -t 8 /host/Strain2bScan-paper/work/strainscan_headtohead_rerun/db/Klebsiella_pneumoniae/Kmer_Sets_L2/Colinear_Block/C18/Connect_Genomes/GCA_052906805.fasta /host/Strain2bScan-paper/work/strainscan_headtohead_rerun/db/Klebsiella_pneumoniae/Kmer_Sets_L2/Colinear_Block/C18/Connect_Genomes/GCA_057929645.fasta
2026-10-06 15:21:18 - StrainScan::build_DB:: C18- Extract blocks from Sibeliaz output
Load kmer to dict...
Process:  1 / 3
Process:  2 / 3
Process:  3 / 3
2026-10-06 15:21:19 - StrainScan::build_DB:: C8- Merge genomes
2026-10-06 15:21:19 - StrainScan::build_DB:: C8- Run Sibeliaz
/opt/conda/envs/ss/bin/sibeliaz: line 108: free: command not found
/opt/conda/envs/ss/bin/sibeliaz: line 56: [: : integer expression expected
/opt/conda/envs/ss/bin/sibeliaz: line 60: [: : integer expression expected
Load kmer to dict...
Process:  1 / 4
Process:  2 / 4
Process:  3 / 4
Process:  4 / 4
2026-10-06 15:21:23 - StrainScan::build_DB:: C22- Merge genomes
2026-10-06 15:21:23 - StrainScan::build_DB:: C22- Run Sibeliaz
/opt/conda/envs/ss/bin/sibeliaz: line 108: free: command not found
/opt/conda/envs/ss/bin/sibeliaz: line 56: [: : integer expression expected
/opt/conda/envs/ss/bin/sibeliaz: line 60: [: : integer expression expected
sibeliaz -n -m 100 -k 15 -a 450 -o /host/Strain2bScan-paper/work/strainscan_headtohead_rerun/db/Klebsiella_pneumoniae/Kmer_Sets_L2/Colinear_Block/C8/Blocks -t 8 /host/Strain2bScan-paper/work/strainscan_headtohead_rerun/db/Klebsiella_pneumoniae/Kmer_Sets_L2/Colinear_Block/C8/Connect_Genomes/GCA_022699305.fasta /host/Strain2bScan-paper/work/strainscan_headtohead_rerun/db/Klebsiella_pneumoniae/Kmer_Sets_L2/Colinear_Block/C8/Connect_Genomes/GCA_022749215.fasta /host/Strain2bScan-paper/work/strainscan_headtohead_rerun/db/Klebsiella_pneumoniae/Kmer_Sets_L2/Colinear_Block/C8/Connect_Genomes/GCA_022699345.fasta
2026-10-06 15:21:25 - StrainScan::build_DB:: C8- Extract blocks from Sibeliaz output
sibeliaz -n -m 100 -k 15 -a 600 -o /host/Strain2bScan-paper/work/strainscan_headtohead_rerun/db/Klebsiella_pneumoniae/Kmer_Sets_L2/Colinear_Block/C22/Blocks -t 8 /host/Strain2bScan-paper/work/strainscan_headtohead_rerun/db/Klebsiella_pneumoniae/Kmer_Sets_L2/Colinear_Block/C22/Connect_Genomes/GCA_058145595.fasta /host/Strain2bScan-paper/work/strainscan_headtohead_rerun/db/Klebsiella_pneumoniae/Kmer_Sets_L2/Colinear_Block/C22/Connect_Genomes/GCA_058145615.fasta /host/Strain2bScan-paper/work/strainscan_headtohead_rerun/db/Klebsiella_pneumoniae/Kmer_Sets_L2/Colinear_Block/C22/Connect_Genomes/GCA_058145635.fasta /host/Strain2bScan-paper/work/strainscan_headtohead_rerun/db/Klebsiella_pneumoniae/Kmer_Sets_L2/Colinear_Block/C22/Connect_Genomes/GCA_058145555.fasta
2026-10-06 15:21:30 - StrainScan::build_DB:: C22- Extract blocks from Sibeliaz output
2026-10-06 15:21:38 - StrainScan::build_DB:: C11- Unique k-mer extract
2026-10-06 15:21:42 - StrainScan::build_DB:: C18- Unique k-mer extract
::Scan unique kmer inside cluster and output
Log: GCA_048961795 6578 6578 0
Log: GCA_048961785 5128 5128 0
Unique part -> kid_match: 11706 , kmatrix: 11706
2026-10-06 15:21:43 - StrainScan::build_DB:: C11- Partial k-mer extract
Partial Unique part -> kid_match: 11706 , kmatrix: 11706
2026-10-06 15:21:44 - StrainScan::build_DB:: C11- Global k-mer extract and build matrix
2026-10-06 15:21:44 - StrainScan::build_DB:: C26- Unique k-mer extract
::Scan unique kmer inside cluster and output
Log: GCA_024496165 100001 339512 0
Log: GCA_028471925 96896 96896 0
Unique part -> kid_match: 196897 , kmatrix: 196897
2026-10-06 15:21:50 - StrainScan::build_DB:: C26- Partial k-mer extract
Partial Unique part -> kid_match: 196897 , kmatrix: 196897
2026-10-06 15:21:50 - StrainScan::build_DB:: C26- Global k-mer extract and build matrix
2026-10-06 15:21:58 - StrainScan::build_DB:: C8- Unique k-mer extract
2026-10-06 15:22:03 - StrainScan::build_DB:: C22- Unique k-mer extract
::Scan unique kmer inside cluster and output
Log: GCA_052906805 100001 11845478 0
Log: GCA_057929645 0 0 0
Unique part -> kid_match: 100001 , kmatrix: 100001
2026-10-06 15:22:05 - StrainScan::build_DB:: C18- Partial k-mer extract
::Scan unique kmer inside cluster and output
Log: GCA_022699305 5782 5782 0
Log: GCA_022749215 12082 12082 0
Log: GCA_022699345 4736 4736 0
Unique part -> kid_match: 22600 , kmatrix: 22600
2026-10-06 15:22:06 - StrainScan::build_DB:: C8- Partial k-mer extract
Partial Unique part -> kid_match: 43650 , kmatrix: 43650
2026-10-06 15:22:06 - StrainScan::build_DB:: C8- Global k-mer extract and build matrix
::Scan unique kmer inside cluster and output
Log: GCA_058145595 414 414 0
Log: GCA_058145615 644 644 0
Log: GCA_058145635 200 200 0
Log: GCA_058145555 228 228 0
Unique part -> kid_match: 1486 , kmatrix: 1486
2026-10-06 15:22:13 - StrainScan::build_DB:: C22- Partial k-mer extract
Partial Unique part -> kid_match: 3388 , kmatrix: 3388
2026-10-06 15:22:13 - StrainScan::build_DB:: C22- Global k-mer extract and build matrix
Load kmer to dict...
Process:  1 / 13
Process:  2 / 13
Process:  3 / 13
Process:  4 / 13
Process:  5 / 13
Process:  6 / 13
Process:  7 / 13
Process:  8 / 13
Process:  9 / 13
Process:  10 / 13
Process:  11 / 13
Process:  12 / 13
Process:  13 / 13
2026-10-06 15:22:14 - StrainScan::build_DB:: C20- Merge genomes
2026-10-06 15:22:15 - StrainScan::build_DB:: C20- Run Sibeliaz
/opt/conda/envs/ss/bin/sibeliaz: line 108: free: command not found
/opt/conda/envs/ss/bin/sibeliaz: line 56: [: : integer expression expected
/opt/conda/envs/ss/bin/sibeliaz: line 60: [: : integer expression expected
sibeliaz -n -m 100 -k 15 -a 1950 -o /host/Strain2bScan-paper/work/strainscan_headtohead_rerun/db/Klebsiella_pneumoniae/Kmer_Sets_L2/Colinear_Block/C20/Blocks -t 8 /host/Strain2bScan-paper/work/strainscan_headtohead_rerun/db/Klebsiella_pneumoniae/Kmer_Sets_L2/Colinear_Block/C20/Connect_Genomes/GCA_019823875.fasta /host/Strain2bScan-paper/work/strainscan_headtohead_rerun/db/Klebsiella_pneumoniae/Kmer_Sets_L2/Colinear_Block/C20/Connect_Genomes/GCA_027942195.fasta /host/Strain2bScan-paper/work/strainscan_headtohead_rerun/db/Klebsiella_pneumoniae/Kmer_Sets_L2/Colinear_Block/C20/Connect_Genomes/GCA_011066505.fasta /host/Strain2bScan-paper/work/strainscan_headtohead_rerun/db/Klebsiella_pneumoniae/Kmer_Sets_L2/Colinear_Block/C20/Connect_Genomes/GCA_024346895.fasta /host/Strain2bScan-paper/work/strainscan_headtohead_rerun/db/Klebsiella_pneumoniae/Kmer_Sets_L2/Colinear_Block/C20/Connect_Genomes/GCA_057812305.fasta /host/Strain2bScan-paper/work/strainscan_headtohead_rerun/db/Klebsiella_pneumoniae/Kmer_Sets_L2/Colinear_Block/C20/Connect_Genomes/GCA_019823835.fasta /host/Strain2bScan-paper/work/strainscan_headtohead_rerun/db/Klebsiella_pneumoniae/Kmer_Sets_L2/Colinear_Block/C20/Connect_Genomes/GCA_019823935.fasta /host/Strain2bScan-paper/work/strainscan_headtohead_rerun/db/Klebsiella_pneumoniae/Kmer_Sets_L2/Colinear_Block/C20/Connect_Genomes/GCA_019823915.fasta /host/Strain2bScan-paper/work/strainscan_headtohead_rerun/db/Klebsiella_pneumoniae/Kmer_Sets_L2/Colinear_Block/C20/Connect_Genomes/GCA_050156185.fasta /host/Strain2bScan-paper/work/strainscan_headtohead_rerun/db/Klebsiella_pneumoniae/Kmer_Sets_L2/Colinear_Block/C20/Connect_Genomes/GCA_017809835.fasta /host/Strain2bScan-paper/work/strainscan_headtohead_rerun/db/Klebsiella_pneumoniae/Kmer_Sets_L2/Colinear_Block/C20/Connect_Genomes/GCA_019823765.fasta /host/Strain2bScan-paper/work/strainscan_headtohead_rerun/db/Klebsiella_pneumoniae/Kmer_Sets_L2/Colinear_Block/C20/Connect_Genomes/GCA_019823805.fasta /host/Strain2bScan-paper/work/strainscan_headtohead_rerun/db/Klebsiella_pneumoniae/Kmer_Sets_L2/Colinear_Block/C20/Connect_Genomes/GCA_050809835.fasta
2026-10-06 15:22:31 - StrainScan::build_DB:: C20- Extract blocks from Sibeliaz output
Partial Unique part -> kid_match: 100001 , kmatrix: 100001
2026-10-06 15:22:35 - StrainScan::build_DB:: C18- Global k-mer extract and build matrix
2026-10-06 15:23:44 - StrainScan::build_DB:: C20- Unique k-mer extract
::Scan unique kmer inside cluster and output
Log: GCA_019823875 70264 70264 0
Log: GCA_027942195 4026 4026 0
Log: GCA_011066505 8826 8826 0
Log: GCA_024346895 2072 2072 0
Log: GCA_057812305 1852 1852 0
Log: GCA_019823835 2638 2638 0
Log: GCA_019823935 866 866 0
Log: GCA_019823915 100001 319838 0
Log: GCA_050156185 3546 3546 0
Log: GCA_017809835 100001 222476 0
Log: GCA_019823765 656 656 0
Log: GCA_019823805 524 524 0
Log: GCA_050809835 88028 88028 0
Unique part -> kid_match: 383300 , kmatrix: 383300
2026-10-06 15:24:10 - StrainScan::build_DB:: C20- Partial k-mer extract
Partial Unique part -> kid_match: 1529760 , kmatrix: 1529760
2026-10-06 15:24:24 - StrainScan::build_DB:: C20- Global k-mer extract and build matrix
2026-10-06 15:22:00 - StrainScan::build_DB: C11- Fill the Sparse matrix: Row:  11706  Column:  2
2026-10-06 15:22:00 - StrainScan::build_DB: C11- Recluster matrix
2026-10-06 15:22:01 - StrainScan::build_DB: C11- The current cluster is finished!
2026-10-06 15:22:07 - StrainScan::build_DB: C26- Fill the Sparse matrix: Row:  196897  Column:  2
2026-10-06 15:22:14 - StrainScan::build_DB: C26- Recluster matrix
2026-10-06 15:22:15 - StrainScan::build_DB: C26- The current cluster is finished!
2026-10-06 15:22:30 - StrainScan::build_DB: C8- Fill the Sparse matrix: Row:  49988  Column:  3
2026-10-06 15:22:32 - StrainScan::build_DB: C8- Recluster matrix
2026-10-06 15:22:33 - StrainScan::build_DB: C8- The current cluster is finished!
2026-10-06 15:22:36 - StrainScan::build_DB: C18- Fill the Sparse matrix: Row:  100001  Column:  2
2026-10-06 15:22:39 - StrainScan::build_DB: C18- Recluster matrix
2026-10-06 15:22:40 - StrainScan::build_DB: C18- The current cluster is finished!
2026-10-06 15:22:45 - StrainScan::build_DB: C22- Fill the Sparse matrix: Row:  4146  Column:  4
2026-10-06 15:22:45 - StrainScan::build_DB: C22- Recluster matrix
2026-10-06 15:22:46 - StrainScan::build_DB: C22- The current cluster is finished!
2026-10-06 15:25:38 - StrainScan::build_DB: C20- Fill the Sparse matrix: Row:  1681548  Column:  13
2026-10-06 15:26:49 - StrainScan::build_DB: C20- Recluster matrix
2026-10-06 15:26:51 - StrainScan::build_DB: C20- The current cluster is finished!
2026-10-06 15:26:53 - StrainScan::build_DB:: Build sparse matices done - Current Memory Usage: 0.5152 GB
2026-10-06 15:26:53 - StrainScan::build_DB:: - Build omatrix cls k-mer dict...
2026-10-06 15:26:53,551 - Building Overlap matrix
2026-10-06 15:31:19 - StrainScan::build_DB:: - Build omatrix cls k-mer dict... Done
2026-10-06 15:31:19 - StrainScan::build_DB:: C20- Build overlap matrix...
2026-10-06 15:32:37 - StrainScan::build_DB:: C20- Current Memory Usage: 19.9173 GB
2026-10-06 15:32:37 - StrainScan::build_DB:: C20- Omatrix finished
2026-10-06 15:32:37 - StrainScan::build_DB:: C22- Build overlap matrix...
2026-10-06 15:32:38 - StrainScan::build_DB:: C22- Current Memory Usage: 19.6070 GB
2026-10-06 15:32:38 - StrainScan::build_DB:: C22- Omatrix finished
2026-10-06 15:32:38 - StrainScan::build_DB:: C8- Build overlap matrix...
2026-10-06 15:32:40 - StrainScan::build_DB:: C8- Current Memory Usage: 19.6115 GB
2026-10-06 15:32:40 - StrainScan::build_DB:: C8- Omatrix finished
2026-10-06 15:32:40 - StrainScan::build_DB:: C26- Build overlap matrix...
2026-10-06 15:32:49 - StrainScan::build_DB:: C26- Current Memory Usage: 19.6275 GB
2026-10-06 15:32:49 - StrainScan::build_DB:: C26- Omatrix finished
2026-10-06 15:32:49 - StrainScan::build_DB:: C18- Build overlap matrix...
2026-10-06 15:32:54 - StrainScan::build_DB:: C18- Current Memory Usage: 19.6177 GB
2026-10-06 15:32:54 - StrainScan::build_DB:: C18- Omatrix finished
2026-10-06 15:32:54 - StrainScan::build_DB:: C11- Build overlap matrix...
2026-10-06 15:32:55 - StrainScan::build_DB:: C11- Current Memory Usage: 19.6087 GB
2026-10-06 15:32:55 - StrainScan::build_DB:: C11- Omatrix finished
2026-10-06 15:32:55 - StrainScan::build_DB:: - All omatrices are finished now.
