2026-10-06 15:33:01,845 - Constructing matrix with dashing (jaccard index)
2026-10-06 15:33:02,617 - Hierarchical clustering
2026-10-06 15:33:03,048 - Constructing the tree
2026-10-06 15:38:37,528 - Inside cluster strains kmer sets construction
/host/StrainScan
6 6793230 0
18 6690176 0
11 6819062 0
9 6967162 0
21 6675526 0
33 6500022 0
25 6590838 0
30 6565796 0
31 6505252 34824
14 6775438 0
20 6509558 87600
39 6348496 0
22 6567278 0
3 6682142 0
7 6883514 0
8 6849004 0
19 6667346 0
24 6702048 0
35 6469840 0
36 6485350 0
34 6500236 32606
15 6728094 0
17 6663894 0
27 6618032 0
16 6650150 0
13 6693028 0
38 6418012 0
4 7051850 14592
12 6685570 0
23 6620300 8632
2 6587956 0
1 6756028 0
26 6558522 6104
28 6552464 0
37 6472880 0
29 6458056 0
32 6528836 0
5 6975102 0
10 6509350 331824
- The total running time of k-mer extraction is  265.4178035259247  s

10 checking	107004
5 checking	389414
32 checking	213550
29 checking	111188
37 checking	220978
28 checking	297432
26 checking	263090
1 checking	378566
2 checking	240242
23 checking	327448
12 checking	187082
4 checking	335764
38 checking	287128
13 checking	186090
16 checking	258624
27 checking	461498
17 checking	398034
15 checking	247430
34 checking	499280
36 checking	442646
35 checking	141720
24 checking	362676
19 checking	303808
8 checking	262918
7 checking	357842
3 checking	369530
22 checking	142206
39 checking	212934
20 checking	420780
14 checking	335080
31 checking	300246
30 checking	309764
25 checking	319130
33 checking	227322
21 checking	157622
9 checking	587470
11 checking	448710
18 checking	364258
6 checking	662320
- The total running time of re-clustering is  12.24196171760559  s

10 k-mer removing...
5 k-mer removing...
32 k-mer removing...
29 k-mer removing...
41 k-mer removing...
37 k-mer removing...
28 k-mer removing...
26 k-mer removing...
40 k-mer removing...
1 k-mer removing...
42 k-mer removing...
2 k-mer removing...
44 k-mer removing...
23 k-mer removing...
45 k-mer removing...
12 k-mer removing...
43 k-mer removing...
4 k-mer removing...
54 k-mer removing...
38 k-mer removing...
47 k-mer removing...
13 k-mer removing...
46 k-mer removing...
16 k-mer removing...
55 k-mer removing...
27 k-mer removing...
49 k-mer removing...
48 k-mer removing...
56 k-mer removing...
17 k-mer removing...
50 k-mer removing...
15 k-mer removing...
57 k-mer removing...
51 k-mer removing...
58 k-mer removing...
34 k-mer removing...
60 k-mer removing...
36 k-mer removing...
35 k-mer removing...
24 k-mer removing...
62 k-mer removing...
19 k-mer removing...
52 k-mer removing...
8 k-mer removing...
7 k-mer removing...
3 k-mer removing...
65 k-mer removing...
53 k-mer removing...
59 k-mer removing...
22 k-mer removing...
39 k-mer removing...
20 k-mer removing...
66 k-mer removing...
61 k-mer removing...
63 k-mer removing...
14 k-mer removing...
67 k-mer removing...
64 k-mer removing...
68 k-mer removing...
31 k-mer removing...
69 k-mer removing...
30 k-mer removing...
70 k-mer removing...
25 k-mer removing...
71 k-mer removing...
33 k-mer removing...
72 k-mer removing...
21 k-mer removing...
73 k-mer removing...
9 k-mer removing...
74 k-mer removing...
11 k-mer removing...
75 k-mer removing...
18 k-mer removing...
76 k-mer removing...
6 k-mer removing...
77 k-mer removing...
10 k-mer set building...
5 k-mer set building...
32 k-mer set building...
29 k-mer set building...
41 k-mer set building...
37 k-mer set building...
28 k-mer set building...
26 k-mer set building...
40 k-mer set building...
40 waiting for reconstruction...
1 k-mer set building...
42 k-mer set building...
42 waiting for reconstruction...
2 k-mer set building...
44 k-mer set building...
23 k-mer set building...
45 k-mer set building...
45 waiting for reconstruction...
12 k-mer set building...
43 k-mer set building...
43 waiting for reconstruction...
4 k-mer set building...
54 k-mer set building...
38 k-mer set building...
47 k-mer set building...
47 waiting for reconstruction...
13 k-mer set building...
46 k-mer set building...
46 waiting for reconstruction...
16 k-mer set building...
55 k-mer set building...
55 waiting for reconstruction...
27 k-mer set building...
49 k-mer set building...
48 k-mer set building...
48 waiting for reconstruction...
56 k-mer set building...
17 k-mer set building...
50 k-mer set building...
50 waiting for reconstruction...
15 k-mer set building...
57 k-mer set building...
51 k-mer set building...
58 k-mer set building...
34 k-mer set building...
60 k-mer set building...
60 waiting for reconstruction...
36 k-mer set building...
35 k-mer set building...
24 k-mer set building...
62 k-mer set building...
62 waiting for reconstruction...
19 k-mer set building...
52 k-mer set building...
8 k-mer set building...
7 k-mer set building...
3 k-mer set building...
65 k-mer set building...
65 waiting for reconstruction...
53 k-mer set building...
59 k-mer set building...
22 k-mer set building...
39 k-mer set building...
20 k-mer set building...
66 k-mer set building...
66 waiting for reconstruction...
61 k-mer set building...
63 k-mer set building...
14 k-mer set building...
67 k-mer set building...
67 waiting for reconstruction...
64 k-mer set building...
64 waiting for reconstruction...
68 k-mer set building...
68 waiting for reconstruction...
31 k-mer set building...
69 k-mer set building...
69 waiting for reconstruction...
30 k-mer set building...
70 k-mer set building...
70 waiting for reconstruction...
25 k-mer set building...
71 k-mer set building...
71 waiting for reconstruction...
33 k-mer set building...
72 k-mer set building...
72 waiting for reconstruction...
21 k-mer set building...
73 k-mer set building...
73 waiting for reconstruction...
9 k-mer set building...
74 k-mer set building...
11 k-mer set building...
75 k-mer set building...
18 k-mer set building...
76 k-mer set building...
6 k-mer set building...
77 k-mer set building...
40 k-mer set rebuilding...
42 k-mer set rebuilding...
45 k-mer set rebuilding...
43 k-mer set rebuilding...
47 k-mer set rebuilding...
46 k-mer set rebuilding...
55 k-mer set rebuilding...
48 k-mer set rebuilding...
50 k-mer set rebuilding...
60 k-mer set rebuilding...
62 k-mer set rebuilding...
65 k-mer set rebuilding...
66 k-mer set rebuilding...
67 k-mer set rebuilding...
64 k-mer set rebuilding...
68 k-mer set rebuilding...
69 k-mer set rebuilding...
70 k-mer set rebuilding...
71 k-mer set rebuilding...
72 k-mer set rebuilding...
73 k-mer set rebuilding...
- The total running time of tree-based indexing struture building is  55.89268660545349  s

2026-10-06 15:38:37 - StrainScan::build_DB::Step2-begin: Now we will extract kmers from unique region found by sibeliaz
2026-10-06 15:38:37 - StrainScan::build_DB:: C34- Build k-mer dict
2026-10-06 15:38:37 - StrainScan::build_DB:: C20- Build k-mer dict
2026-10-06 15:38:37 - StrainScan::build_DB:: C31- Build k-mer dict
2026-10-06 15:38:37 - StrainScan::build_DB:: C26- Build k-mer dict
2026-10-06 15:38:37 - StrainScan::build_DB:: C23- Build k-mer dict
2026-10-06 15:38:37 - StrainScan::build_DB:: C4- Build k-mer dict
2026-10-06 15:38:37 - StrainScan::build_DB:: C10- Build k-mer dict
Load kmer to dict...
Process:  1 / 2
Process:  2 / 2
2026-10-06 15:38:44 - StrainScan::build_DB:: C31- Merge genomes
2026-10-06 15:38:44 - StrainScan::build_DB:: C31- Run Sibeliaz
Load kmer to dict...
Process:  1 / 2
Process:  2 / 2
2026-10-06 15:38:44 - StrainScan::build_DB:: C26- Merge genomes
2026-10-06 15:38:44 - StrainScan::build_DB:: C26- Run Sibeliaz
/opt/conda/envs/ss/bin/sibeliaz: line 108: free: command not found
Load kmer to dict...
Process:  1 / 2
Process:  2 / 2
2026-10-06 15:38:44 - StrainScan::build_DB:: C23- Merge genomes
/opt/conda/envs/ss/bin/sibeliaz: line 56: [: : integer expression expected
/opt/conda/envs/ss/bin/sibeliaz: line 60: [: : integer expression expected
/opt/conda/envs/ss/bin/sibeliaz: line 108: free: command not found
2026-10-06 15:38:44 - StrainScan::build_DB:: C23- Run Sibeliaz
Load kmer to dict...
Process:  1 / 2
Process:  2 / 2
2026-10-06 15:38:44 - StrainScan::build_DB:: C10- Merge genomes
/opt/conda/envs/ss/bin/sibeliaz: line 56: [: : integer expression expected
/opt/conda/envs/ss/bin/sibeliaz: line 60: [: : integer expression expected
2026-10-06 15:38:44 - StrainScan::build_DB:: C10- Run Sibeliaz
/opt/conda/envs/ss/bin/sibeliaz: line 108: free: command not found
/opt/conda/envs/ss/bin/sibeliaz: line 56: [: : integer expression expected
/opt/conda/envs/ss/bin/sibeliaz: line 60: [: : integer expression expected
/opt/conda/envs/ss/bin/sibeliaz: line 108: free: command not found
/opt/conda/envs/ss/bin/sibeliaz: line 56: [: : integer expression expected
/opt/conda/envs/ss/bin/sibeliaz: line 60: [: : integer expression expected
Load kmer to dict...
Process:  1 / 2
Process:  2 / 2
2026-10-06 15:38:45 - StrainScan::build_DB:: C4- Merge genomes
2026-10-06 15:38:45 - StrainScan::build_DB:: C4- Run Sibeliaz
/opt/conda/envs/ss/bin/sibeliaz: line 108: free: command not found
/opt/conda/envs/ss/bin/sibeliaz: line 56: [: : integer expression expected
/opt/conda/envs/ss/bin/sibeliaz: line 60: [: : integer expression expected
sibeliaz -n -m 100 -k 15 -a 300 -o /host/Strain2bScan-paper/work/strainscan_headtohead_rerun/db/Lactiplantibacillus_plantarum/Kmer_Sets_L2/Colinear_Block/C31/Blocks -t 8 /host/Strain2bScan-paper/work/strainscan_headtohead_rerun/db/Lactiplantibacillus_plantarum/Kmer_Sets_L2/Colinear_Block/C31/Connect_Genomes/GCA_004103515.fasta /host/Strain2bScan-paper/work/strainscan_headtohead_rerun/db/Lactiplantibacillus_plantarum/Kmer_Sets_L2/Colinear_Block/C31/Connect_Genomes/GCA_004103495.fasta
2026-10-06 15:38:49 - StrainScan::build_DB:: C31- Extract blocks from Sibeliaz output
sibeliaz -n -m 100 -k 15 -a 300 -o /host/Strain2bScan-paper/work/strainscan_headtohead_rerun/db/Lactiplantibacillus_plantarum/Kmer_Sets_L2/Colinear_Block/C26/Blocks -t 8 /host/Strain2bScan-paper/work/strainscan_headtohead_rerun/db/Lactiplantibacillus_plantarum/Kmer_Sets_L2/Colinear_Block/C26/Connect_Genomes/GCA_023973045.fasta /host/Strain2bScan-paper/work/strainscan_headtohead_rerun/db/Lactiplantibacillus_plantarum/Kmer_Sets_L2/Colinear_Block/C26/Connect_Genomes/GCA_009762745.fasta
2026-10-06 15:38:49 - StrainScan::build_DB:: C26- Extract blocks from Sibeliaz output
sibeliaz -n -m 100 -k 15 -a 300 -o /host/Strain2bScan-paper/work/strainscan_headtohead_rerun/db/Lactiplantibacillus_plantarum/Kmer_Sets_L2/Colinear_Block/C23/Blocks -t 8 /host/Strain2bScan-paper/work/strainscan_headtohead_rerun/db/Lactiplantibacillus_plantarum/Kmer_Sets_L2/Colinear_Block/C23/Connect_Genomes/GCA_018351295.fasta /host/Strain2bScan-paper/work/strainscan_headtohead_rerun/db/Lactiplantibacillus_plantarum/Kmer_Sets_L2/Colinear_Block/C23/Connect_Genomes/GCA_010586945.fasta
2026-10-06 15:38:49 - StrainScan::build_DB:: C23- Extract blocks from Sibeliaz output
sibeliaz -n -m 100 -k 15 -a 300 -o /host/Strain2bScan-paper/work/strainscan_headtohead_rerun/db/Lactiplantibacillus_plantarum/Kmer_Sets_L2/Colinear_Block/C10/Blocks -t 8 /host/Strain2bScan-paper/work/strainscan_headtohead_rerun/db/Lactiplantibacillus_plantarum/Kmer_Sets_L2/Colinear_Block/C10/Connect_Genomes/GCA_029855105.fasta /host/Strain2bScan-paper/work/strainscan_headtohead_rerun/db/Lactiplantibacillus_plantarum/Kmer_Sets_L2/Colinear_Block/C10/Connect_Genomes/GCA_002220175.fasta
2026-10-06 15:38:49 - StrainScan::build_DB:: C10- Extract blocks from Sibeliaz output
sibeliaz -n -m 100 -k 15 -a 300 -o /host/Strain2bScan-paper/work/strainscan_headtohead_rerun/db/Lactiplantibacillus_plantarum/Kmer_Sets_L2/Colinear_Block/C4/Blocks -t 8 /host/Strain2bScan-paper/work/strainscan_headtohead_rerun/db/Lactiplantibacillus_plantarum/Kmer_Sets_L2/Colinear_Block/C4/Connect_Genomes/GCA_001704335.fasta /host/Strain2bScan-paper/work/strainscan_headtohead_rerun/db/Lactiplantibacillus_plantarum/Kmer_Sets_L2/Colinear_Block/C4/Connect_Genomes/GCA_001704315.fasta
2026-10-06 15:38:50 - StrainScan::build_DB:: C4- Extract blocks from Sibeliaz output
Load kmer to dict...
Process:  1 / 4
Process:  2 / 4
Process:  3 / 4
Process:  4 / 4
2026-10-06 15:38:52 - StrainScan::build_DB:: C20- Merge genomes
2026-10-06 15:38:52 - StrainScan::build_DB:: C20- Run Sibeliaz
Load kmer to dict...
Process:  1 / 4
Process:  2 / 4
Process:  3 / 4
Process:  4 / 4
2026-10-06 15:38:52 - StrainScan::build_DB:: C34- Merge genomes
/opt/conda/envs/ss/bin/sibeliaz: line 108: free: command not found
2026-10-06 15:38:52 - StrainScan::build_DB:: C34- Run Sibeliaz
/opt/conda/envs/ss/bin/sibeliaz: line 56: [: : integer expression expected
/opt/conda/envs/ss/bin/sibeliaz: line 60: [: : integer expression expected
/opt/conda/envs/ss/bin/sibeliaz: line 108: free: command not found
/opt/conda/envs/ss/bin/sibeliaz: line 56: [: : integer expression expected
/opt/conda/envs/ss/bin/sibeliaz: line 60: [: : integer expression expected
sibeliaz -n -m 100 -k 15 -a 600 -o /host/Strain2bScan-paper/work/strainscan_headtohead_rerun/db/Lactiplantibacillus_plantarum/Kmer_Sets_L2/Colinear_Block/C20/Blocks -t 8 /host/Strain2bScan-paper/work/strainscan_headtohead_rerun/db/Lactiplantibacillus_plantarum/Kmer_Sets_L2/Colinear_Block/C20/Connect_Genomes/GCA_017798305.fasta /host/Strain2bScan-paper/work/strainscan_headtohead_rerun/db/Lactiplantibacillus_plantarum/Kmer_Sets_L2/Colinear_Block/C20/Connect_Genomes/GCA_057418965.fasta /host/Strain2bScan-paper/work/strainscan_headtohead_rerun/db/Lactiplantibacillus_plantarum/Kmer_Sets_L2/Colinear_Block/C20/Connect_Genomes/GCA_036255815.fasta /host/Strain2bScan-paper/work/strainscan_headtohead_rerun/db/Lactiplantibacillus_plantarum/Kmer_Sets_L2/Colinear_Block/C20/Connect_Genomes/GCA_049330845.fasta
2026-10-06 15:38:56 - StrainScan::build_DB:: C20- Extract blocks from Sibeliaz output
sibeliaz -n -m 100 -k 15 -a 600 -o /host/Strain2bScan-paper/work/strainscan_headtohead_rerun/db/Lactiplantibacillus_plantarum/Kmer_Sets_L2/Colinear_Block/C34/Blocks -t 8 /host/Strain2bScan-paper/work/strainscan_headtohead_rerun/db/Lactiplantibacillus_plantarum/Kmer_Sets_L2/Colinear_Block/C34/Connect_Genomes/GCA_015693925.fasta /host/Strain2bScan-paper/work/strainscan_headtohead_rerun/db/Lactiplantibacillus_plantarum/Kmer_Sets_L2/Colinear_Block/C34/Connect_Genomes/GCA_029814785.fasta /host/Strain2bScan-paper/work/strainscan_headtohead_rerun/db/Lactiplantibacillus_plantarum/Kmer_Sets_L2/Colinear_Block/C34/Connect_Genomes/GCA_029834415.fasta /host/Strain2bScan-paper/work/strainscan_headtohead_rerun/db/Lactiplantibacillus_plantarum/Kmer_Sets_L2/Colinear_Block/C34/Connect_Genomes/GCA_027557615.fasta
2026-10-06 15:38:57 - StrainScan::build_DB:: C34- Extract blocks from Sibeliaz output
2026-10-06 15:39:00 - StrainScan::build_DB:: C31- Unique k-mer extract
2026-10-06 15:39:00 - StrainScan::build_DB:: C26- Unique k-mer extract
2026-10-06 15:39:01 - StrainScan::build_DB:: C23- Unique k-mer extract
2026-10-06 15:39:01 - StrainScan::build_DB:: C10- Unique k-mer extract
::Scan unique kmer inside cluster and output
Log: GCA_004103515 32272 32272 0
Log: GCA_004103495 2694 2694 0
Unique part -> kid_match: 34966 , kmatrix: 34966
2026-10-06 15:39:02 - StrainScan::build_DB:: C31- Partial k-mer extract
Partial Unique part -> kid_match: 34966 , kmatrix: 34966
2026-10-06 15:39:03 - StrainScan::build_DB:: C31- Global k-mer extract and build matrix
::Scan unique kmer inside cluster and output
Log: GCA_023973045 4044 4044 0
Log: GCA_009762745 2052 2052 0
Unique part -> kid_match: 6096 , kmatrix: 6096
2026-10-06 15:39:03 - StrainScan::build_DB:: C26- Partial k-mer extract
::Scan unique kmer inside cluster and output
Log: GCA_018351295 3752 3752 0
Log: GCA_010586945 5840 5840 0
Unique part -> kid_match: 9592 , kmatrix: 9592
2026-10-06 15:39:03 - StrainScan::build_DB:: C23- Partial k-mer extract
Partial Unique part -> kid_match: 6096 , kmatrix: 6096
2026-10-06 15:39:03 - StrainScan::build_DB:: C26- Global k-mer extract and build matrix
Partial Unique part -> kid_match: 9592 , kmatrix: 9592
2026-10-06 15:39:04 - StrainScan::build_DB:: C23- Global k-mer extract and build matrix
::Scan unique kmer inside cluster and output
Log: GCA_029855105 100001 299752 0
Log: GCA_002220175 40376 40376 0
Unique part -> kid_match: 140377 , kmatrix: 140377
2026-10-06 15:39:04 - StrainScan::build_DB:: C10- Partial k-mer extract
Partial Unique part -> kid_match: 140377 , kmatrix: 140377
2026-10-06 15:39:04 - StrainScan::build_DB:: C10- Global k-mer extract and build matrix
2026-10-06 15:39:05 - StrainScan::build_DB:: C4- Unique k-mer extract
::Scan unique kmer inside cluster and output
Log: GCA_001704335 7778 7778 0
Log: GCA_001704315 9998 9998 0
Unique part -> kid_match: 17776 , kmatrix: 17776
2026-10-06 15:39:08 - StrainScan::build_DB:: C4- Partial k-mer extract
Partial Unique part -> kid_match: 17776 , kmatrix: 17776
2026-10-06 15:39:08 - StrainScan::build_DB:: C4- Global k-mer extract and build matrix
2026-10-06 15:39:12 - StrainScan::build_DB:: C20- Unique k-mer extract
2026-10-06 15:39:13 - StrainScan::build_DB:: C34- Unique k-mer extract
::Scan unique kmer inside cluster and output
Log: GCA_015693925 10858 10858 0
Log: GCA_029814785 188 188 0
Log: GCA_029834415 674 674 0
Log: GCA_027557615 4572 4572 0
Unique part -> kid_match: 16292 , kmatrix: 16292
2026-10-06 15:39:18 - StrainScan::build_DB:: C34- Partial k-mer extract
::Scan unique kmer inside cluster and output
Log: GCA_017798305 616 616 0
Log: GCA_057418965 994 994 0
Log: GCA_036255815 186 186 0
Log: GCA_049330845 3824 3824 0
Unique part -> kid_match: 5620 , kmatrix: 5620
2026-10-06 15:39:18 - StrainScan::build_DB:: C20- Partial k-mer extract
Partial Unique part -> kid_match: 16324 , kmatrix: 16324
2026-10-06 15:39:18 - StrainScan::build_DB:: C34- Global k-mer extract and build matrix
Partial Unique part -> kid_match: 77392 , kmatrix: 77392
2026-10-06 15:39:19 - StrainScan::build_DB:: C20- Global k-mer extract and build matrix
2026-10-06 15:39:13 - StrainScan::build_DB: C26- Fill the Sparse matrix: Row:  6096  Column:  2
2026-10-06 15:39:13 - StrainScan::build_DB: C26- Recluster matrix
2026-10-06 15:39:14 - StrainScan::build_DB: C26- The current cluster is finished!
2026-10-06 15:39:12 - StrainScan::build_DB: C31- Fill the Sparse matrix: Row:  34966  Column:  2
2026-10-06 15:39:14 - StrainScan::build_DB: C31- Recluster matrix
2026-10-06 15:39:14 - StrainScan::build_DB: C31- The current cluster is finished!
2026-10-06 15:39:13 - StrainScan::build_DB: C23- Fill the Sparse matrix: Row:  9592  Column:  2
2026-10-06 15:39:14 - StrainScan::build_DB: C23- Recluster matrix
2026-10-06 15:39:14 - StrainScan::build_DB: C23- The current cluster is finished!
2026-10-06 15:39:18 - StrainScan::build_DB: C4- Fill the Sparse matrix: Row:  17776  Column:  2
2026-10-06 15:39:19 - StrainScan::build_DB: C4- Recluster matrix
2026-10-06 15:39:19 - StrainScan::build_DB: C4- The current cluster is finished!
2026-10-06 15:39:14 - StrainScan::build_DB: C10- Fill the Sparse matrix: Row:  140377  Column:  2
2026-10-06 15:39:19 - StrainScan::build_DB: C10- Recluster matrix
2026-10-06 15:39:20 - StrainScan::build_DB: C10- The current cluster is finished!
2026-10-06 15:39:34 - StrainScan::build_DB: C34- Fill the Sparse matrix: Row:  32026  Column:  4
2026-10-06 15:39:35 - StrainScan::build_DB: C34- Recluster matrix
2026-10-06 15:39:36 - StrainScan::build_DB: C34- The current cluster is finished!
2026-10-06 15:39:34 - StrainScan::build_DB: C20- Fill the Sparse matrix: Row:  85422  Column:  4
2026-10-06 15:39:38 - StrainScan::build_DB: C20- Recluster matrix
2026-10-06 15:39:39 - StrainScan::build_DB: C20- The current cluster is finished!
2026-10-06 15:39:39 - StrainScan::build_DB:: Build sparse matices done - Current Memory Usage: 0.5906 GB
2026-10-06 15:39:39 - StrainScan::build_DB:: - Build omatrix cls k-mer dict...
2026-10-06 15:39:39,524 - Building Overlap matrix
2026-10-06 15:42:32 - StrainScan::build_DB:: - Build omatrix cls k-mer dict... Done
2026-10-06 15:42:32 - StrainScan::build_DB:: C34- Build overlap matrix...
2026-10-06 15:42:34 - StrainScan::build_DB:: C34- Current Memory Usage: 13.0790 GB
2026-10-06 15:42:34 - StrainScan::build_DB:: C34- Omatrix finished
2026-10-06 15:42:34 - StrainScan::build_DB:: C20- Build overlap matrix...
2026-10-06 15:42:37 - StrainScan::build_DB:: C20- Current Memory Usage: 13.0862 GB
2026-10-06 15:42:37 - StrainScan::build_DB:: C20- Omatrix finished
2026-10-06 15:42:37 - StrainScan::build_DB:: C4- Build overlap matrix...
2026-10-06 15:42:38 - StrainScan::build_DB:: C4- Current Memory Usage: 13.0790 GB
2026-10-06 15:42:38 - StrainScan::build_DB:: C4- Omatrix finished
2026-10-06 15:42:38 - StrainScan::build_DB:: C31- Build overlap matrix...
2026-10-06 15:42:39 - StrainScan::build_DB:: C31- Current Memory Usage: 13.0810 GB
2026-10-06 15:42:39 - StrainScan::build_DB:: C31- Omatrix finished
2026-10-06 15:42:39 - StrainScan::build_DB:: C26- Build overlap matrix...
2026-10-06 15:42:40 - StrainScan::build_DB:: C26- Current Memory Usage: 13.0782 GB
2026-10-06 15:42:40 - StrainScan::build_DB:: C26- Omatrix finished
2026-10-06 15:42:40 - StrainScan::build_DB:: C23- Build overlap matrix...
2026-10-06 15:42:40 - StrainScan::build_DB:: C23- Current Memory Usage: 13.0785 GB
2026-10-06 15:42:40 - StrainScan::build_DB:: C23- Omatrix finished
2026-10-06 15:42:40 - StrainScan::build_DB:: C10- Build overlap matrix...
2026-10-06 15:42:46 - StrainScan::build_DB:: C10- Current Memory Usage: 13.0947 GB
2026-10-06 15:42:46 - StrainScan::build_DB:: C10- Omatrix finished
2026-10-06 15:42:46 - StrainScan::build_DB:: - All omatrices are finished now.
