2026-10-06 15:57:34,088 - Constructing matrix with dashing (jaccard index)
2026-10-06 15:57:34,563 - Hierarchical clustering
2026-10-06 15:57:34,993 - Constructing the tree
2026-10-06 16:01:09,021 - Inside cluster strains kmer sets construction
/host/StrainScan
22 4556148 0
9 4703644 584
8 4749464 0
26 4564390 0
31 4361820 0
25 4464264 0
7 4974586 0
11 4675418 0
16 4578218 0
14 4637614 0
27 4493342 0
15 4598826 5096
17 4580638 902
23 4541104 0
2 4397454 0
5 4402532 0
21 4383278 10920
18 4582200 0
20 4519362 0
29 4421164 0
1 4402224 0
30 4508322 1242
4 4400676 0
10 4515270 329350
6 4403722 0
13 4614244 0
3 4405346 0
12 4666754 0
24 4531548 0
19 4512534 4050
28 4424556 19600
- The total running time of k-mer extraction is  170.15672707557678  s

28 checking	86162
19 checking	161764
24 checking	717192
12 checking	790548
3 checking	376260
13 checking	639414
6 checking	336744
10 checking	504352
4 checking	306498
30 checking	477626
1 checking	194986
29 checking	274956
20 checking	194708
18 checking	313606
21 checking	224762
5 checking	145250
2 checking	135864
23 checking	391170
17 checking	368034
15 checking	302142
27 checking	208866
14 checking	308292
16 checking	260514
11 checking	348446
7 checking	522476
25 checking	313870
31 checking	15346
26 checking	32908
8 checking	444188
9 checking	442164
22 checking	331436
- The total running time of re-clustering is  8.946923732757568  s

28 k-mer removing...
19 k-mer removing...
24 k-mer removing...
12 k-mer removing...
32 k-mer removing...
3 k-mer removing...
41 k-mer removing...
13 k-mer removing...
34 k-mer removing...
6 k-mer removing...
43 k-mer removing...
10 k-mer removing...
35 k-mer removing...
4 k-mer removing...
45 k-mer removing...
30 k-mer removing...
37 k-mer removing...
1 k-mer removing...
47 k-mer removing...
29 k-mer removing...
20 k-mer removing...
18 k-mer removing...
38 k-mer removing...
21 k-mer removing...
5 k-mer removing...
2 k-mer removing...
48 k-mer removing...
23 k-mer removing...
42 k-mer removing...
17 k-mer removing...
39 k-mer removing...
36 k-mer removing...
49 k-mer removing...
15 k-mer removing...
46 k-mer removing...
40 k-mer removing...
52 k-mer removing...
51 k-mer removing...
27 k-mer removing...
14 k-mer removing...
53 k-mer removing...
44 k-mer removing...
16 k-mer removing...
11 k-mer removing...
54 k-mer removing...
50 k-mer removing...
55 k-mer removing...
7 k-mer removing...
56 k-mer removing...
25 k-mer removing...
31 k-mer removing...
26 k-mer removing...
57 k-mer removing...
33 k-mer removing...
58 k-mer removing...
8 k-mer removing...
59 k-mer removing...
9 k-mer removing...
60 k-mer removing...
22 k-mer removing...
61 k-mer removing...
28 k-mer set building...
19 k-mer set building...
24 k-mer set building...
12 k-mer set building...
32 k-mer set building...
3 k-mer set building...
41 k-mer set building...
13 k-mer set building...
34 k-mer set building...
6 k-mer set building...
43 k-mer set building...
10 k-mer set building...
35 k-mer set building...
4 k-mer set building...
45 k-mer set building...
45 waiting for reconstruction...
30 k-mer set building...
37 k-mer set building...
37 waiting for reconstruction...
1 k-mer set building...
47 k-mer set building...
47 waiting for reconstruction...
29 k-mer set building...
20 k-mer set building...
18 k-mer set building...
38 k-mer set building...
38 waiting for reconstruction...
21 k-mer set building...
5 k-mer set building...
2 k-mer set building...
48 k-mer set building...
48 waiting for reconstruction...
23 k-mer set building...
42 k-mer set building...
17 k-mer set building...
39 k-mer set building...
39 waiting for reconstruction...
36 k-mer set building...
49 k-mer set building...
49 waiting for reconstruction...
15 k-mer set building...
46 k-mer set building...
40 k-mer set building...
40 waiting for reconstruction...
52 k-mer set building...
52 waiting for reconstruction...
51 k-mer set building...
51 waiting for reconstruction...
27 k-mer set building...
14 k-mer set building...
53 k-mer set building...
53 waiting for reconstruction...
44 k-mer set building...
16 k-mer set building...
11 k-mer set building...
54 k-mer set building...
54 waiting for reconstruction...
50 k-mer set building...
55 k-mer set building...
55 waiting for reconstruction...
7 k-mer set building...
56 k-mer set building...
56 waiting for reconstruction...
25 k-mer set building...
31 k-mer set building...
26 k-mer set building...
57 k-mer set building...
57 waiting for reconstruction...
33 k-mer set building...
58 k-mer set building...
58 waiting for reconstruction...
8 k-mer set building...
59 k-mer set building...
9 k-mer set building...
60 k-mer set building...
22 k-mer set building...
61 k-mer set building...
45 k-mer set rebuilding...
37 k-mer set rebuilding...
47 k-mer set rebuilding...
38 k-mer set rebuilding...
48 k-mer set rebuilding...
39 k-mer set rebuilding...
49 k-mer set rebuilding...
40 k-mer set rebuilding...
52 k-mer set rebuilding...
51 k-mer set rebuilding...
53 k-mer set rebuilding...
54 k-mer set rebuilding...
55 k-mer set rebuilding...
56 k-mer set rebuilding...
57 k-mer set rebuilding...
58 k-mer set rebuilding...
- The total running time of tree-based indexing struture building is  34.19749093055725  s

2026-10-06 16:01:09 - StrainScan::build_DB::Step2-begin: Now we will extract kmers from unique region found by sibeliaz
2026-10-06 16:01:09 - StrainScan::build_DB:: C28- Build k-mer dict
2026-10-06 16:01:09 - StrainScan::build_DB:: C21- Build k-mer dict
2026-10-06 16:01:09 - StrainScan::build_DB:: C30- Build k-mer dict
2026-10-06 16:01:09 - StrainScan::build_DB:: C19- Build k-mer dict
2026-10-06 16:01:09 - StrainScan::build_DB:: C15- Build k-mer dict
2026-10-06 16:01:09 - StrainScan::build_DB:: C17- Build k-mer dict
2026-10-06 16:01:09 - StrainScan::build_DB:: C9- Build k-mer dict
2026-10-06 16:01:09 - StrainScan::build_DB:: C10- Build k-mer dict
Load kmer to dict...
Process:  1 / 2
Process:  2 / 2
2026-10-06 16:01:14 - StrainScan::build_DB:: C30- Merge genomes
2026-10-06 16:01:14 - StrainScan::build_DB:: C30- Run Sibeliaz
Load kmer to dict...
Process:  1 / 2
Process:  2 / 2
2026-10-06 16:01:14 - StrainScan::build_DB:: C19- Merge genomes
/opt/conda/envs/ss/bin/sibeliaz: line 108: free: command not found
2026-10-06 16:01:14 - StrainScan::build_DB:: C19- Run Sibeliaz
Load kmer to dict...
Process:  1 / 2
Process:  2 / 2
2026-10-06 16:01:14 - StrainScan::build_DB:: C15- Merge genomes
Load kmer to dict...
Process:  1 / 2
Process:  2 / 2
2026-10-06 16:01:14 - StrainScan::build_DB:: C17- Merge genomes
/opt/conda/envs/ss/bin/sibeliaz: line 56: [: : integer expression expected
2026-10-06 16:01:14 - StrainScan::build_DB:: C17- Run Sibeliaz
/opt/conda/envs/ss/bin/sibeliaz: line 60: [: : integer expression expected
2026-10-06 16:01:14 - StrainScan::build_DB:: C15- Run Sibeliaz
/opt/conda/envs/ss/bin/sibeliaz: line 108: free: command not found
/opt/conda/envs/ss/bin/sibeliaz: line 108: free: command not found
/opt/conda/envs/ss/bin/sibeliaz: line 56: [: : integer expression expected
/opt/conda/envs/ss/bin/sibeliaz: line 60: [: : integer expression expected
/opt/conda/envs/ss/bin/sibeliaz: line 108: free: command not found
/opt/conda/envs/ss/bin/sibeliaz: line 56: [: : integer expression expected
/opt/conda/envs/ss/bin/sibeliaz: line 60: [: : integer expression expected
Load kmer to dict...
Process:  1 / 2
Process:  2 / 2
2026-10-06 16:01:14 - StrainScan::build_DB:: C10- Merge genomes
/opt/conda/envs/ss/bin/sibeliaz: line 56: [: : integer expression expected
/opt/conda/envs/ss/bin/sibeliaz: line 60: [: : integer expression expected
Load kmer to dict...
Process:  1 / 2
Process:  2 / 2
2026-10-06 16:01:14 - StrainScan::build_DB:: C9- Merge genomes
2026-10-06 16:01:14 - StrainScan::build_DB:: C10- Run Sibeliaz
2026-10-06 16:01:14 - StrainScan::build_DB:: C9- Run Sibeliaz
/opt/conda/envs/ss/bin/sibeliaz: line 108: free: command not found
/opt/conda/envs/ss/bin/sibeliaz: line 108: free: command not found
/opt/conda/envs/ss/bin/sibeliaz: line 56: [: : integer expression expected
/opt/conda/envs/ss/bin/sibeliaz: line 60: [: : integer expression expected
/opt/conda/envs/ss/bin/sibeliaz: line 56: [: : integer expression expected
/opt/conda/envs/ss/bin/sibeliaz: line 60: [: : integer expression expected
Load kmer to dict...
Process:  1 / 3
Process:  2 / 3
Process:  3 / 3
2026-10-06 16:01:19 - StrainScan::build_DB:: C21- Merge genomes
2026-10-06 16:01:19 - StrainScan::build_DB:: C21- Run Sibeliaz
sibeliaz -n -m 100 -k 15 -a 300 -o /host/Strain2bScan-paper/work/strainscan_headtohead_rerun/db/Porphyromonas_gingivalis/Kmer_Sets_L2/Colinear_Block/C30/Blocks -t 8 /host/Strain2bScan-paper/work/strainscan_headtohead_rerun/db/Porphyromonas_gingivalis/Kmer_Sets_L2/Colinear_Block/C30/Connect_Genomes/GCA_000270225.fasta /host/Strain2bScan-paper/work/strainscan_headtohead_rerun/db/Porphyromonas_gingivalis/Kmer_Sets_L2/Colinear_Block/C30/Connect_Genomes/GCA_002892555.fasta
2026-10-06 16:01:19 - StrainScan::build_DB:: C30- Extract blocks from Sibeliaz output
/opt/conda/envs/ss/bin/sibeliaz: line 108: free: command not found
sibeliaz -n -m 100 -k 15 -a 300 -o /host/Strain2bScan-paper/work/strainscan_headtohead_rerun/db/Porphyromonas_gingivalis/Kmer_Sets_L2/Colinear_Block/C19/Blocks -t 8 /host/Strain2bScan-paper/work/strainscan_headtohead_rerun/db/Porphyromonas_gingivalis/Kmer_Sets_L2/Colinear_Block/C19/Connect_Genomes/GCA_001263815.fasta /host/Strain2bScan-paper/work/strainscan_headtohead_rerun/db/Porphyromonas_gingivalis/Kmer_Sets_L2/Colinear_Block/C19/Connect_Genomes/GCA_028335105.fasta
2026-10-06 16:01:19 - StrainScan::build_DB:: C19- Extract blocks from Sibeliaz output
/opt/conda/envs/ss/bin/sibeliaz: line 56: [: : integer expression expected
/opt/conda/envs/ss/bin/sibeliaz: line 60: [: : integer expression expected
sibeliaz -n -m 100 -k 15 -a 300 -o /host/Strain2bScan-paper/work/strainscan_headtohead_rerun/db/Porphyromonas_gingivalis/Kmer_Sets_L2/Colinear_Block/C15/Blocks -t 8 /host/Strain2bScan-paper/work/strainscan_headtohead_rerun/db/Porphyromonas_gingivalis/Kmer_Sets_L2/Colinear_Block/C15/Connect_Genomes/GCA_018141745.fasta /host/Strain2bScan-paper/work/strainscan_headtohead_rerun/db/Porphyromonas_gingivalis/Kmer_Sets_L2/Colinear_Block/C15/Connect_Genomes/GCA_018141765.fasta
2026-10-06 16:01:19 - StrainScan::build_DB:: C15- Extract blocks from Sibeliaz output
sibeliaz -n -m 100 -k 15 -a 300 -o /host/Strain2bScan-paper/work/strainscan_headtohead_rerun/db/Porphyromonas_gingivalis/Kmer_Sets_L2/Colinear_Block/C17/Blocks -t 8 /host/Strain2bScan-paper/work/strainscan_headtohead_rerun/db/Porphyromonas_gingivalis/Kmer_Sets_L2/Colinear_Block/C17/Connect_Genomes/GCA_030144345.fasta /host/Strain2bScan-paper/work/strainscan_headtohead_rerun/db/Porphyromonas_gingivalis/Kmer_Sets_L2/Colinear_Block/C17/Connect_Genomes/GCA_030252365.fasta
2026-10-06 16:01:19 - StrainScan::build_DB:: C17- Extract blocks from Sibeliaz output
sibeliaz -n -m 100 -k 15 -a 300 -o /host/Strain2bScan-paper/work/strainscan_headtohead_rerun/db/Porphyromonas_gingivalis/Kmer_Sets_L2/Colinear_Block/C10/Blocks -t 8 /host/Strain2bScan-paper/work/strainscan_headtohead_rerun/db/Porphyromonas_gingivalis/Kmer_Sets_L2/Colinear_Block/C10/Connect_Genomes/GCA_002754075.fasta /host/Strain2bScan-paper/work/strainscan_headtohead_rerun/db/Porphyromonas_gingivalis/Kmer_Sets_L2/Colinear_Block/C10/Connect_Genomes/GCA_002754055.fasta
2026-10-06 16:01:19 - StrainScan::build_DB:: C10- Extract blocks from Sibeliaz output
sibeliaz -n -m 100 -k 15 -a 300 -o /host/Strain2bScan-paper/work/strainscan_headtohead_rerun/db/Porphyromonas_gingivalis/Kmer_Sets_L2/Colinear_Block/C9/Blocks -t 8 /host/Strain2bScan-paper/work/strainscan_headtohead_rerun/db/Porphyromonas_gingivalis/Kmer_Sets_L2/Colinear_Block/C9/Connect_Genomes/GCA_030440495.fasta /host/Strain2bScan-paper/work/strainscan_headtohead_rerun/db/Porphyromonas_gingivalis/Kmer_Sets_L2/Colinear_Block/C9/Connect_Genomes/GCA_030440475.fasta
2026-10-06 16:01:19 - StrainScan::build_DB:: C9- Extract blocks from Sibeliaz output
sibeliaz -n -m 100 -k 15 -a 450 -o /host/Strain2bScan-paper/work/strainscan_headtohead_rerun/db/Porphyromonas_gingivalis/Kmer_Sets_L2/Colinear_Block/C21/Blocks -t 8 /host/Strain2bScan-paper/work/strainscan_headtohead_rerun/db/Porphyromonas_gingivalis/Kmer_Sets_L2/Colinear_Block/C21/Connect_Genomes/GCA_002892575.fasta /host/Strain2bScan-paper/work/strainscan_headtohead_rerun/db/Porphyromonas_gingivalis/Kmer_Sets_L2/Colinear_Block/C21/Connect_Genomes/GCA_001314265.fasta /host/Strain2bScan-paper/work/strainscan_headtohead_rerun/db/Porphyromonas_gingivalis/Kmer_Sets_L2/Colinear_Block/C21/Connect_Genomes/GCA_000010505.fasta
2026-10-06 16:01:22 - StrainScan::build_DB:: C21- Extract blocks from Sibeliaz output
Load kmer to dict...
Process:  1 / 5
Process:  2 / 5
Process:  3 / 5
Process:  4 / 5
Process:  5 / 5
2026-10-06 16:01:22 - StrainScan::build_DB:: C28- Merge genomes
2026-10-06 16:01:22 - StrainScan::build_DB:: C28- Run Sibeliaz
/opt/conda/envs/ss/bin/sibeliaz: line 108: free: command not found
/opt/conda/envs/ss/bin/sibeliaz: line 56: [: : integer expression expected
/opt/conda/envs/ss/bin/sibeliaz: line 60: [: : integer expression expected
sibeliaz -n -m 100 -k 15 -a 750 -o /host/Strain2bScan-paper/work/strainscan_headtohead_rerun/db/Porphyromonas_gingivalis/Kmer_Sets_L2/Colinear_Block/C28/Blocks -t 8 /host/Strain2bScan-paper/work/strainscan_headtohead_rerun/db/Porphyromonas_gingivalis/Kmer_Sets_L2/Colinear_Block/C28/Connect_Genomes/GCA_023822425.fasta /host/Strain2bScan-paper/work/strainscan_headtohead_rerun/db/Porphyromonas_gingivalis/Kmer_Sets_L2/Colinear_Block/C28/Connect_Genomes/GCA_002892595.fasta /host/Strain2bScan-paper/work/strainscan_headtohead_rerun/db/Porphyromonas_gingivalis/Kmer_Sets_L2/Colinear_Block/C28/Connect_Genomes/GCA_000007585.fasta /host/Strain2bScan-paper/work/strainscan_headtohead_rerun/db/Porphyromonas_gingivalis/Kmer_Sets_L2/Colinear_Block/C28/Connect_Genomes/GCA_023822445.fasta /host/Strain2bScan-paper/work/strainscan_headtohead_rerun/db/Porphyromonas_gingivalis/Kmer_Sets_L2/Colinear_Block/C28/Connect_Genomes/GCA_023822465.fasta
2026-10-06 16:01:27 - StrainScan::build_DB:: C28- Extract blocks from Sibeliaz output
2026-10-06 16:01:28 - StrainScan::build_DB:: C30- Unique k-mer extract
2026-10-06 16:01:28 - StrainScan::build_DB:: C19- Unique k-mer extract
2026-10-06 16:01:29 - StrainScan::build_DB:: C15- Unique k-mer extract
2026-10-06 16:01:29 - StrainScan::build_DB:: C17- Unique k-mer extract
2026-10-06 16:01:29 - StrainScan::build_DB:: C10- Unique k-mer extract
::Scan unique kmer inside cluster and output
Log: GCA_000270225 2806 2806 0
Log: GCA_002892555 48 48 0
Unique part -> kid_match: 2854 , kmatrix: 2854
2026-10-06 16:01:30 - StrainScan::build_DB:: C30- Partial k-mer extract
::Scan unique kmer inside cluster and output
Log: GCA_001263815 3238 3238 0
Log: GCA_028335105 1218 1218 0
Unique part -> kid_match: 4456 , kmatrix: 4456
2026-10-06 16:01:30 - StrainScan::build_DB:: C19- Partial k-mer extract
Partial Unique part -> kid_match: 2854 , kmatrix: 2854
2026-10-06 16:01:30 - StrainScan::build_DB:: C30- Global k-mer extract and build matrix
Partial Unique part -> kid_match: 4456 , kmatrix: 4456
2026-10-06 16:01:30 - StrainScan::build_DB:: C19- Global k-mer extract and build matrix
2026-10-06 16:01:30 - StrainScan::build_DB:: C9- Unique k-mer extract
::Scan unique kmer inside cluster and output
Log: GCA_018141745 1734 1734 0
Log: GCA_018141765 3598 3598 0
Unique part -> kid_match: 5332 , kmatrix: 5332
2026-10-06 16:01:31 - StrainScan::build_DB:: C15- Partial k-mer extract
Partial Unique part -> kid_match: 5332 , kmatrix: 5332
2026-10-06 16:01:31 - StrainScan::build_DB:: C15- Global k-mer extract and build matrix
::Scan unique kmer inside cluster and output
Log: GCA_030144345 516 516 0
Log: GCA_030252365 386 386 0
Unique part -> kid_match: 902 , kmatrix: 902
2026-10-06 16:01:31 - StrainScan::build_DB:: C17- Partial k-mer extract
Partial Unique part -> kid_match: 902 , kmatrix: 902
2026-10-06 16:01:31 - StrainScan::build_DB:: C17- Global k-mer extract and build matrix
::Scan unique kmer inside cluster and output
Log: GCA_002754075 100001 168468 0
Log: GCA_002754055 100001 164128 0
Unique part -> kid_match: 200002 , kmatrix: 200002
2026-10-06 16:01:32 - StrainScan::build_DB:: C10- Partial k-mer extract
Partial Unique part -> kid_match: 200002 , kmatrix: 200002
2026-10-06 16:01:32 - StrainScan::build_DB:: C10- Global k-mer extract and build matrix
::Scan unique kmer inside cluster and output
Log: GCA_030440495 430 430 0
Log: GCA_030440475 898 898 0
Unique part -> kid_match: 1328 , kmatrix: 1328
2026-10-06 16:01:32 - StrainScan::build_DB:: C9- Partial k-mer extract
Partial Unique part -> kid_match: 1328 , kmatrix: 1328
2026-10-06 16:01:32 - StrainScan::build_DB:: C9- Global k-mer extract and build matrix
2026-10-06 16:01:34 - StrainScan::build_DB:: C21- Unique k-mer extract
::Scan unique kmer inside cluster and output
Log: GCA_002892575 154 154 0
Log: GCA_001314265 4314 4314 0
Log: GCA_000010505 418 418 0
Unique part -> kid_match: 4886 , kmatrix: 4886
2026-10-06 16:01:37 - StrainScan::build_DB:: C21- Partial k-mer extract
Partial Unique part -> kid_match: 6640 , kmatrix: 6640
2026-10-06 16:01:37 - StrainScan::build_DB:: C21- Global k-mer extract and build matrix
2026-10-06 16:01:39 - StrainScan::build_DB:: C28- Unique k-mer extract
::Scan unique kmer inside cluster and output
Log: GCA_023822425 582 582 0
Log: GCA_002892595 566 566 0
Log: GCA_000007585 126 126 0
Log: GCA_023822445 750 750 0
Log: GCA_023822465 204 204 0
Unique part -> kid_match: 2228 , kmatrix: 2228
2026-10-06 16:01:43 - StrainScan::build_DB:: C28- Partial k-mer extract
Partial Unique part -> kid_match: 12950 , kmatrix: 12950
2026-10-06 16:01:44 - StrainScan::build_DB:: C28- Global k-mer extract and build matrix
2026-10-06 16:01:37 - StrainScan::build_DB: C30- Fill the Sparse matrix: Row:  2854  Column:  2
2026-10-06 16:01:37 - StrainScan::build_DB: C30- Recluster matrix
2026-10-06 16:01:38 - StrainScan::build_DB: C30- The current cluster is finished!
2026-10-06 16:01:37 - StrainScan::build_DB: C19- Fill the Sparse matrix: Row:  4456  Column:  2
2026-10-06 16:01:37 - StrainScan::build_DB: C19- Recluster matrix
2026-10-06 16:01:38 - StrainScan::build_DB: C19- The current cluster is finished!
2026-10-06 16:01:38 - StrainScan::build_DB: C15- Fill the Sparse matrix: Row:  5332  Column:  2
2026-10-06 16:01:38 - StrainScan::build_DB: C15- Recluster matrix
2026-10-06 16:01:39 - StrainScan::build_DB: C15- The current cluster is finished!
2026-10-06 16:01:38 - StrainScan::build_DB: C17- Fill the Sparse matrix: Row:  902  Column:  2
2026-10-06 16:01:38 - StrainScan::build_DB: C17- Recluster matrix
2026-10-06 16:01:39 - StrainScan::build_DB: C17- The current cluster is finished!
2026-10-06 16:01:40 - StrainScan::build_DB: C9- Fill the Sparse matrix: Row:  1328  Column:  2
2026-10-06 16:01:40 - StrainScan::build_DB: C9- Recluster matrix
2026-10-06 16:01:40 - StrainScan::build_DB: C9- The current cluster is finished!
2026-10-06 16:01:46 - StrainScan::build_DB: C21- Fill the Sparse matrix: Row:  10362  Column:  3
2026-10-06 16:01:47 - StrainScan::build_DB: C21- Recluster matrix
2026-10-06 16:01:47 - StrainScan::build_DB: C21- The current cluster is finished!
2026-10-06 16:01:57 - StrainScan::build_DB: C28- Fill the Sparse matrix: Row:  19756  Column:  5
2026-10-06 16:01:58 - StrainScan::build_DB: C28- Recluster matrix
2026-10-06 16:01:58 - StrainScan::build_DB: C28- The current cluster is finished!
2026-10-06 16:01:39 - StrainScan::build_DB: C10- Fill the Sparse matrix: Row:  200002  Column:  2
2026-10-06 16:01:47 - StrainScan::build_DB: C10- Recluster matrix
2026-10-06 16:01:47 - StrainScan::build_DB: C10- The current cluster is finished!
2026-10-06 16:01:59,030 - Building Overlap matrix
2026-10-06 16:01:59 - StrainScan::build_DB:: Build sparse matices done - Current Memory Usage: 0.4091 GB
2026-10-06 16:01:59 - StrainScan::build_DB:: - Build omatrix cls k-mer dict...
2026-10-06 16:03:51 - StrainScan::build_DB:: - Build omatrix cls k-mer dict... Done
2026-10-06 16:03:51 - StrainScan::build_DB:: C28- Build overlap matrix...
2026-10-06 16:03:52 - StrainScan::build_DB:: C28- Current Memory Usage: 9.2392 GB
2026-10-06 16:03:52 - StrainScan::build_DB:: C28- Omatrix finished
2026-10-06 16:03:52 - StrainScan::build_DB:: C21- Build overlap matrix...
2026-10-06 16:03:52 - StrainScan::build_DB:: C21- Current Memory Usage: 9.2381 GB
2026-10-06 16:03:52 - StrainScan::build_DB:: C21- Omatrix finished
2026-10-06 16:03:52 - StrainScan::build_DB:: C9- Build overlap matrix...
2026-10-06 16:03:53 - StrainScan::build_DB:: C9- Current Memory Usage: 9.2374 GB
2026-10-06 16:03:53 - StrainScan::build_DB:: C9- Omatrix finished
2026-10-06 16:03:53 - StrainScan::build_DB:: C30- Build overlap matrix...
2026-10-06 16:03:53 - StrainScan::build_DB:: C30- Current Memory Usage: 9.2374 GB
2026-10-06 16:03:53 - StrainScan::build_DB:: C30- Omatrix finished
2026-10-06 16:03:53 - StrainScan::build_DB:: C19- Build overlap matrix...
2026-10-06 16:03:53 - StrainScan::build_DB:: C19- Current Memory Usage: 9.2375 GB
2026-10-06 16:03:53 - StrainScan::build_DB:: C19- Omatrix finished
2026-10-06 16:03:53 - StrainScan::build_DB:: C17- Build overlap matrix...
2026-10-06 16:03:53 - StrainScan::build_DB:: C17- Current Memory Usage: 9.2377 GB
2026-10-06 16:03:53 - StrainScan::build_DB:: C17- Omatrix finished
2026-10-06 16:03:53 - StrainScan::build_DB:: C15- Build overlap matrix...
2026-10-06 16:03:53 - StrainScan::build_DB:: C15- Current Memory Usage: 9.2379 GB
2026-10-06 16:03:53 - StrainScan::build_DB:: C15- Omatrix finished
2026-10-06 16:03:53 - StrainScan::build_DB:: C10- Build overlap matrix...
2026-10-06 16:04:02 - StrainScan::build_DB:: C10- Current Memory Usage: 9.2878 GB
2026-10-06 16:04:02 - StrainScan::build_DB:: C10- Omatrix finished
2026-10-06 16:04:02 - StrainScan::build_DB:: - All omatrices are finished now.
