2026-10-06 16:04:05,972 - Constructing matrix with dashing (jaccard index)
2026-10-06 16:04:06,229 - Hierarchical clustering
2026-10-06 16:04:06,648 - Constructing the tree
2026-10-06 16:08:58,828 - Inside cluster strains kmer sets construction
/host/StrainScan
1 7295474 0
5 8278780 0
6 8111520 0
15 7320842 0
11 7858644 0
3 8410233 0
7 8000747 0
14 7093829 0
2 7705753 0
9 7983895 0
4 8252861 0
8 8093448 0
10 7832354 0
17 6780910 0
19 6387322 0
12 7683676 0
16 7003062 0
13 7382369 0
18 6975528 0
- The total running time of k-mer extraction is  205.64550161361694  s

18 checking	2543024
13 checking	3171097
16 checking	2628290
12 checking	3072724
19 checking	1922
17 checking	306176
10 checking	2058154
8 checking	2148310
4 checking	2419362
9 checking	309346
2 checking	96662
14 checking	2290012
7 checking	2681452
3 checking	3939514
11 checking	5633962
15 checking	3487210
6 checking	3877194
5 checking	3305728
1 checking	2688800
- The total running time of re-clustering is  16.199580907821655  s

18 k-mer removing...
13 k-mer removing...
16 k-mer removing...
12 k-mer removing...
27 k-mer removing...
26 k-mer removing...
19 k-mer removing...
17 k-mer removing...
10 k-mer removing...
8 k-mer removing...
28 k-mer removing...
20 k-mer removing...
22 k-mer removing...
4 k-mer removing...
29 k-mer removing...
23 k-mer removing...
9 k-mer removing...
2 k-mer removing...
31 k-mer removing...
14 k-mer removing...
21 k-mer removing...
7 k-mer removing...
32 k-mer removing...
24 k-mer removing...
33 k-mer removing...
3 k-mer removing...
34 k-mer removing...
11 k-mer removing...
15 k-mer removing...
6 k-mer removing...
35 k-mer removing...
30 k-mer removing...
5 k-mer removing...
1 k-mer removing...
36 k-mer removing...
25 k-mer removing...
37 k-mer removing...
18 k-mer set building...
13 k-mer set building...
16 k-mer set building...
12 k-mer set building...
27 k-mer set building...
26 k-mer set building...
19 k-mer set building...
17 k-mer set building...
10 k-mer set building...
8 k-mer set building...
28 k-mer set building...
20 k-mer set building...
22 k-mer set building...
4 k-mer set building...
29 k-mer set building...
23 k-mer set building...
9 k-mer set building...
2 k-mer set building...
31 k-mer set building...
14 k-mer set building...
21 k-mer set building...
7 k-mer set building...
32 k-mer set building...
24 k-mer set building...
33 k-mer set building...
3 k-mer set building...
34 k-mer set building...
11 k-mer set building...
15 k-mer set building...
6 k-mer set building...
35 k-mer set building...
30 k-mer set building...
5 k-mer set building...
1 k-mer set building...
36 k-mer set building...
25 k-mer set building...
37 k-mer set building...
- The total running time of tree-based indexing struture building is  64.44006085395813  s

2026-10-06 16:08:58 - StrainScan::build_DB::Step2-begin: Now we will extract kmers from unique region found by sibeliaz
2026-10-06 16:08:58,956 - Building Overlap matrix
2026-10-06 16:08:58 - StrainScan::build_DB:: Build sparse matices done - Current Memory Usage: 0.2713 GB
2026-10-06 16:08:58 - StrainScan::build_DB:: - Build omatrix cls k-mer dict...
2026-10-06 16:10:20 - StrainScan::build_DB:: - Build omatrix cls k-mer dict... Done
2026-10-06 16:10:20 - StrainScan::build_DB:: - All omatrices are finished now.
