2026-10-06 15:35:07,246 - Constructing matrix with dashing (jaccard index)
2026-10-06 15:35:09,208 - Hierarchical clustering
2026-10-06 15:35:09,690 - Constructing the tree
/host/StrainScan
10 5767956 0
4 5882996 0
3 5901066 0
5 5811688 0
9 5735332 0
8 5846390 2514
2 6134360 0
11 5745740 0
12 5415854 303414
1 5781982 1209258
6 5793150 138622
7 5850882 0
- The total running time of k-mer extraction is  182.25108981132507  s

7 checking	275480
6 checking	248998
1 checking	171966
12 checking	57508
11 checking	103506
2 checking	69970
8 checking	82956
9 checking	88802
5 checking	118460
3 checking	105850
4 checking	121080
10 checking	1469322
- The total running time of re-clustering is  2.5401663780212402  s

7 k-mer removing...
6 k-mer removing...
13 k-mer removing...
1 k-mer removing...
12 k-mer removing...
11 k-mer removing...
14 k-mer removing...
2 k-mer removing...
19 k-mer removing...
8 k-mer removing...
16 k-mer removing...
9 k-mer removing...
5 k-mer removing...
3 k-mer removing...
20 k-mer removing...
17 k-mer removing...
15 k-mer removing...
4 k-mer removing...
21 k-mer removing...
18 k-mer removing...
22 k-mer removing...
10 k-mer removing...
23 k-mer removing...
7 k-mer set building...
6 k-mer set building...
13 k-mer set building...
1 k-mer set building...
12 k-mer set building...
11 k-mer set building...
14 k-mer set building...
2 k-mer set building...
19 k-mer set building...
8 k-mer set building...
16 k-mer set building...
9 k-mer set building...
5 k-mer set building...
3 k-mer set building...
20 k-mer set building...
17 k-mer set building...
15 k-mer set building...
4 k-mer set building...
21 k-mer set building...
18 k-mer set building...
22 k-mer set building...
10 k-mer set building...
23 k-mer set building...
- The total running time of tree-based indexing struture building is  6.9878034591674805  s

Traceback (most recent call last):
  File "StrainScan_build.py", line 162, in <module>
    main()
  File "StrainScan_build.py", line 138, in main
    dc95_l2 = manual(icf, args.input_fa)
  File "StrainScan_build.py", line 42, in manual
    dc95_l2[int(ele[0])][dn[s]] = ''
KeyError: 'GCA_026625305'
