2026-10-06 16:33:46,263 - Constructing matrix with dashing (jaccard index)
2026-10-06 16:33:46,750 - Hierarchical clustering
2026-10-06 16:33:47,202 - Constructing the tree
2026-10-06 16:37:14,001 - Inside cluster strains kmer sets construction
/host/StrainScan
16 4211756 0
1 4359300 7608
4 4236954 0
21 4239406 0
27 4161518 0
15 4315558 0
13 4272932 0
22 4222180 0
28 4244578 0
7 4250782 0
32 4144480 0
34 4161050 0
36 4158140 1464
31 4164794 15100
33 4159896 0
35 4144276 0
3 4123254 152860
26 4104818 50260
24 4226466 0
8 4191360 0
20 4238040 5760
17 4255000 0
2 4406042 0
18 4163390 60234
37 4194470 0
10 4257078 0
14 4247336 0
19 4258770 2050
5 4270130 0
9 4275890 0
29 4202928 0
38 4080294 0
11 4285902 0
30 4172798 0
23 4227610 0
25 4200808 0
6 4213522 78216
12 4195240 0
- The total running time of k-mer extraction is  168.56899690628052  s

12 checking	142470
6 checking	162076
25 checking	119614
23 checking	489346
30 checking	254502
11 checking	297484
38 checking	98510
29 checking	125980
9 checking	181454
5 checking	244192
19 checking	154958
14 checking	178408
10 checking	247208
37 checking	169732
18 checking	122224
2 checking	190322
17 checking	154758
20 checking	121904
8 checking	257656
24 checking	175482
26 checking	71656
3 checking	66254
35 checking	155722
33 checking	42260
31 checking	21200
36 checking	36304
34 checking	54136
32 checking	172106
7 checking	166278
28 checking	158110
22 checking	152710
13 checking	235700
15 checking	144354
27 checking	149028
21 checking	169806
4 checking	204408
1 checking	278810
16 checking	306164
- The total running time of re-clustering is  8.874631643295288  s

12 k-mer removing...
6 k-mer removing...
39 k-mer removing...
25 k-mer removing...
40 k-mer removing...
23 k-mer removing...
30 k-mer removing...
11 k-mer removing...
48 k-mer removing...
46 k-mer removing...
38 k-mer removing...
29 k-mer removing...
9 k-mer removing...
5 k-mer removing...
19 k-mer removing...
14 k-mer removing...
54 k-mer removing...
10 k-mer removing...
45 k-mer removing...
37 k-mer removing...
18 k-mer removing...
2 k-mer removing...
50 k-mer removing...
17 k-mer removing...
47 k-mer removing...
20 k-mer removing...
59 k-mer removing...
8 k-mer removing...
56 k-mer removing...
55 k-mer removing...
52 k-mer removing...
51 k-mer removing...
61 k-mer removing...
60 k-mer removing...
53 k-mer removing...
24 k-mer removing...
26 k-mer removing...
3 k-mer removing...
62 k-mer removing...
57 k-mer removing...
44 k-mer removing...
35 k-mer removing...
33 k-mer removing...
31 k-mer removing...
36 k-mer removing...
34 k-mer removing...
63 k-mer removing...
58 k-mer removing...
42 k-mer removing...
41 k-mer removing...
64 k-mer removing...
32 k-mer removing...
43 k-mer removing...
7 k-mer removing...
65 k-mer removing...
49 k-mer removing...
66 k-mer removing...
28 k-mer removing...
67 k-mer removing...
22 k-mer removing...
68 k-mer removing...
13 k-mer removing...
69 k-mer removing...
15 k-mer removing...
70 k-mer removing...
27 k-mer removing...
71 k-mer removing...
21 k-mer removing...
72 k-mer removing...
4 k-mer removing...
73 k-mer removing...
1 k-mer removing...
74 k-mer removing...
16 k-mer removing...
75 k-mer removing...
12 k-mer set building...
6 k-mer set building...
39 k-mer set building...
25 k-mer set building...
40 k-mer set building...
23 k-mer set building...
30 k-mer set building...
11 k-mer set building...
48 k-mer set building...
46 k-mer set building...
38 k-mer set building...
29 k-mer set building...
9 k-mer set building...
5 k-mer set building...
19 k-mer set building...
14 k-mer set building...
54 k-mer set building...
10 k-mer set building...
45 k-mer set building...
37 k-mer set building...
18 k-mer set building...
2 k-mer set building...
50 k-mer set building...
17 k-mer set building...
47 k-mer set building...
20 k-mer set building...
59 k-mer set building...
59 waiting for reconstruction...
8 k-mer set building...
56 k-mer set building...
55 k-mer set building...
52 k-mer set building...
51 k-mer set building...
61 k-mer set building...
61 waiting for reconstruction...
60 k-mer set building...
60 waiting for reconstruction...
53 k-mer set building...
24 k-mer set building...
26 k-mer set building...
3 k-mer set building...
62 k-mer set building...
62 waiting for reconstruction...
57 k-mer set building...
44 k-mer set building...
35 k-mer set building...
33 k-mer set building...
31 k-mer set building...
36 k-mer set building...
34 k-mer set building...
63 k-mer set building...
63 waiting for reconstruction...
58 k-mer set building...
42 k-mer set building...
41 k-mer set building...
64 k-mer set building...
64 waiting for reconstruction...
32 k-mer set building...
43 k-mer set building...
7 k-mer set building...
65 k-mer set building...
65 waiting for reconstruction...
49 k-mer set building...
66 k-mer set building...
66 waiting for reconstruction...
28 k-mer set building...
67 k-mer set building...
67 waiting for reconstruction...
22 k-mer set building...
68 k-mer set building...
68 waiting for reconstruction...
13 k-mer set building...
69 k-mer set building...
69 waiting for reconstruction...
15 k-mer set building...
70 k-mer set building...
70 waiting for reconstruction...
27 k-mer set building...
71 k-mer set building...
71 waiting for reconstruction...
21 k-mer set building...
72 k-mer set building...
72 waiting for reconstruction...
4 k-mer set building...
73 k-mer set building...
1 k-mer set building...
74 k-mer set building...
16 k-mer set building...
75 k-mer set building...
59 k-mer set rebuilding...
61 k-mer set rebuilding...
60 k-mer set rebuilding...
62 k-mer set rebuilding...
63 k-mer set rebuilding...
64 k-mer set rebuilding...
65 k-mer set rebuilding...
66 k-mer set rebuilding...
67 k-mer set rebuilding...
68 k-mer set rebuilding...
69 k-mer set rebuilding...
70 k-mer set rebuilding...
71 k-mer set rebuilding...
72 k-mer set rebuilding...
- The total running time of tree-based indexing struture building is  28.665831327438354  s

2026-10-06 16:37:14 - StrainScan::build_DB::Step2-begin: Now we will extract kmers from unique region found by sibeliaz
2026-10-06 16:37:14 - StrainScan::build_DB:: C26- Build k-mer dict
2026-10-06 16:37:14 - StrainScan::build_DB:: C36- Build k-mer dict
2026-10-06 16:37:14 - StrainScan::build_DB:: C18- Build k-mer dict
2026-10-06 16:37:14 - StrainScan::build_DB:: C31- Build k-mer dict
2026-10-06 16:37:14 - StrainScan::build_DB:: C20- Build k-mer dict
2026-10-06 16:37:14 - StrainScan::build_DB:: C19- Build k-mer dict
2026-10-06 16:37:14 - StrainScan::build_DB:: C3- Build k-mer dict
2026-10-06 16:37:14 - StrainScan::build_DB:: C6- Build k-mer dict
Load kmer to dict...
Process:  1 / 2
Process:  2 / 2
2026-10-06 16:37:18 - StrainScan::build_DB:: C36- Merge genomes
Load kmer to dict...
Process:  1 / 2
Process:  2 / 2
2026-10-06 16:37:18 - StrainScan::build_DB:: C31- Merge genomes
2026-10-06 16:37:18 - StrainScan::build_DB:: C36- Run Sibeliaz
2026-10-06 16:37:18 - StrainScan::build_DB:: C31- Run Sibeliaz
Load kmer to dict...
Process:  1 / 2
Process:  2 / 2
2026-10-06 16:37:18 - StrainScan::build_DB:: C6- Merge genomes
Load kmer to dict...
Process:  1 / 2
Process:  2 / 2
2026-10-06 16:37:18 - StrainScan::build_DB:: C20- Merge genomes
Load kmer to dict...
Process:  1 / 2
Process:  2 / 2
2026-10-06 16:37:18 - StrainScan::build_DB:: C3- Merge genomes
/opt/conda/envs/ss/bin/sibeliaz: line 108: free: command not found
Load kmer to dict...
Process:  1 / 2
Process:  2 / 2
2026-10-06 16:37:18 - StrainScan::build_DB:: C19- Merge genomes
2026-10-06 16:37:18 - StrainScan::build_DB:: C6- Run Sibeliaz
2026-10-06 16:37:18 - StrainScan::build_DB:: C3- Run Sibeliaz
2026-10-06 16:37:18 - StrainScan::build_DB:: C20- Run Sibeliaz
/opt/conda/envs/ss/bin/sibeliaz: line 56: [: : integer expression expected
2026-10-06 16:37:18 - StrainScan::build_DB:: C19- Run Sibeliaz
/opt/conda/envs/ss/bin/sibeliaz: line 60: [: : integer expression expected
/opt/conda/envs/ss/bin/sibeliaz: line 108: free: command not found
/opt/conda/envs/ss/bin/sibeliaz: line 108: free: command not found
/opt/conda/envs/ss/bin/sibeliaz: line 56: [: : integer expression expected
/opt/conda/envs/ss/bin/sibeliaz: line 60: [: : integer expression expected
/opt/conda/envs/ss/bin/sibeliaz: line 108: free: command not found
/opt/conda/envs/ss/bin/sibeliaz: line 108: free: command not found
/opt/conda/envs/ss/bin/sibeliaz: line 108: free: command not found
/opt/conda/envs/ss/bin/sibeliaz: line 56: [: : integer expression expected
/opt/conda/envs/ss/bin/sibeliaz: line 60: [: : integer expression expected
/opt/conda/envs/ss/bin/sibeliaz: line 56: [: : integer expression expected
/opt/conda/envs/ss/bin/sibeliaz: line 60: [: : integer expression expected
/opt/conda/envs/ss/bin/sibeliaz: line 56: [: : integer expression expected
/opt/conda/envs/ss/bin/sibeliaz: line 60: [: : integer expression expected
/opt/conda/envs/ss/bin/sibeliaz: line 56: [: : integer expression expected
/opt/conda/envs/ss/bin/sibeliaz: line 60: [: : integer expression expected
Load kmer to dict...
Process:  1 / 3
Process:  2 / 3
Process:  3 / 3
2026-10-06 16:37:21 - StrainScan::build_DB:: C18- Merge genomes
2026-10-06 16:37:22 - StrainScan::build_DB:: C18- Run Sibeliaz
/opt/conda/envs/ss/bin/sibeliaz: line 108: free: command not found
/opt/conda/envs/ss/bin/sibeliaz: line 56: [: : integer expression expected
/opt/conda/envs/ss/bin/sibeliaz: line 60: [: : integer expression expected
sibeliaz -n -m 100 -k 15 -a 300 -o /host/Strain2bScan-paper/work/strainscan_headtohead_rerun/db/Streptococcus_pneumoniae/Kmer_Sets_L2/Colinear_Block/C36/Blocks -t 8 /host/Strain2bScan-paper/work/strainscan_headtohead_rerun/db/Streptococcus_pneumoniae/Kmer_Sets_L2/Colinear_Block/C36/Connect_Genomes/GCA_040687875.fasta /host/Strain2bScan-paper/work/strainscan_headtohead_rerun/db/Streptococcus_pneumoniae/Kmer_Sets_L2/Colinear_Block/C36/Connect_Genomes/GCA_040687895.fasta
2026-10-06 16:37:23 - StrainScan::build_DB:: C36- Extract blocks from Sibeliaz output
sibeliaz -n -m 100 -k 15 -a 300 -o /host/Strain2bScan-paper/work/strainscan_headtohead_rerun/db/Streptococcus_pneumoniae/Kmer_Sets_L2/Colinear_Block/C19/Blocks -t 8 /host/Strain2bScan-paper/work/strainscan_headtohead_rerun/db/Streptococcus_pneumoniae/Kmer_Sets_L2/Colinear_Block/C19/Connect_Genomes/GCA_036322955.fasta /host/Strain2bScan-paper/work/strainscan_headtohead_rerun/db/Streptococcus_pneumoniae/Kmer_Sets_L2/Colinear_Block/C19/Connect_Genomes/GCA_036322975.fasta
2026-10-06 16:37:23 - StrainScan::build_DB:: C19- Extract blocks from Sibeliaz output
sibeliaz -n -m 100 -k 15 -a 300 -o /host/Strain2bScan-paper/work/strainscan_headtohead_rerun/db/Streptococcus_pneumoniae/Kmer_Sets_L2/Colinear_Block/C20/Blocks -t 8 /host/Strain2bScan-paper/work/strainscan_headtohead_rerun/db/Streptococcus_pneumoniae/Kmer_Sets_L2/Colinear_Block/C20/Connect_Genomes/GCA_033096265.fasta /host/Strain2bScan-paper/work/strainscan_headtohead_rerun/db/Streptococcus_pneumoniae/Kmer_Sets_L2/Colinear_Block/C20/Connect_Genomes/GCA_055382695.fasta
2026-10-06 16:37:24 - StrainScan::build_DB:: C20- Extract blocks from Sibeliaz output
sibeliaz -n -m 100 -k 15 -a 300 -o /host/Strain2bScan-paper/work/strainscan_headtohead_rerun/db/Streptococcus_pneumoniae/Kmer_Sets_L2/Colinear_Block/C31/Blocks -t 8 /host/Strain2bScan-paper/work/strainscan_headtohead_rerun/db/Streptococcus_pneumoniae/Kmer_Sets_L2/Colinear_Block/C31/Connect_Genomes/GCA_055381835.fasta /host/Strain2bScan-paper/work/strainscan_headtohead_rerun/db/Streptococcus_pneumoniae/Kmer_Sets_L2/Colinear_Block/C31/Connect_Genomes/GCA_055381415.fasta
2026-10-06 16:37:24 - StrainScan::build_DB:: C31- Extract blocks from Sibeliaz output
sibeliaz -n -m 100 -k 15 -a 300 -o /host/Strain2bScan-paper/work/strainscan_headtohead_rerun/db/Streptococcus_pneumoniae/Kmer_Sets_L2/Colinear_Block/C3/Blocks -t 8 /host/Strain2bScan-paper/work/strainscan_headtohead_rerun/db/Streptococcus_pneumoniae/Kmer_Sets_L2/Colinear_Block/C3/Connect_Genomes/GCA_003966525.fasta /host/Strain2bScan-paper/work/strainscan_headtohead_rerun/db/Streptococcus_pneumoniae/Kmer_Sets_L2/Colinear_Block/C3/Connect_Genomes/GCA_036509575.fasta
2026-10-06 16:37:24 - StrainScan::build_DB:: C3- Extract blocks from Sibeliaz output
sibeliaz -n -m 100 -k 15 -a 300 -o /host/Strain2bScan-paper/work/strainscan_headtohead_rerun/db/Streptococcus_pneumoniae/Kmer_Sets_L2/Colinear_Block/C6/Blocks -t 8 /host/Strain2bScan-paper/work/strainscan_headtohead_rerun/db/Streptococcus_pneumoniae/Kmer_Sets_L2/Colinear_Block/C6/Connect_Genomes/GCA_040687865.fasta /host/Strain2bScan-paper/work/strainscan_headtohead_rerun/db/Streptococcus_pneumoniae/Kmer_Sets_L2/Colinear_Block/C6/Connect_Genomes/GCA_002947575.fasta
2026-10-06 16:37:24 - StrainScan::build_DB:: C6- Extract blocks from Sibeliaz output
Load kmer to dict...
Process:  1 / 4
Process:  2 / 4
Process:  3 / 4
Process:  4 / 4
2026-10-06 16:37:24 - StrainScan::build_DB:: C26- Merge genomes
2026-10-06 16:37:25 - StrainScan::build_DB:: C26- Run Sibeliaz
/opt/conda/envs/ss/bin/sibeliaz: line 108: free: command not found
/opt/conda/envs/ss/bin/sibeliaz: line 56: [: : integer expression expected
/opt/conda/envs/ss/bin/sibeliaz: line 60: [: : integer expression expected
sibeliaz -n -m 100 -k 15 -a 450 -o /host/Strain2bScan-paper/work/strainscan_headtohead_rerun/db/Streptococcus_pneumoniae/Kmer_Sets_L2/Colinear_Block/C18/Blocks -t 8 /host/Strain2bScan-paper/work/strainscan_headtohead_rerun/db/Streptococcus_pneumoniae/Kmer_Sets_L2/Colinear_Block/C18/Connect_Genomes/GCA_021398285.fasta /host/Strain2bScan-paper/work/strainscan_headtohead_rerun/db/Streptococcus_pneumoniae/Kmer_Sets_L2/Colinear_Block/C18/Connect_Genomes/GCA_021398265.fasta /host/Strain2bScan-paper/work/strainscan_headtohead_rerun/db/Streptococcus_pneumoniae/Kmer_Sets_L2/Colinear_Block/C18/Connect_Genomes/GCA_021398235.fasta
2026-10-06 16:37:26 - StrainScan::build_DB:: C18- Extract blocks from Sibeliaz output
sibeliaz -n -m 100 -k 15 -a 600 -o /host/Strain2bScan-paper/work/strainscan_headtohead_rerun/db/Streptococcus_pneumoniae/Kmer_Sets_L2/Colinear_Block/C26/Blocks -t 8 /host/Strain2bScan-paper/work/strainscan_headtohead_rerun/db/Streptococcus_pneumoniae/Kmer_Sets_L2/Colinear_Block/C26/Connect_Genomes/GCA_058308675.fasta /host/Strain2bScan-paper/work/strainscan_headtohead_rerun/db/Streptococcus_pneumoniae/Kmer_Sets_L2/Colinear_Block/C26/Connect_Genomes/GCA_002843545.fasta /host/Strain2bScan-paper/work/strainscan_headtohead_rerun/db/Streptococcus_pneumoniae/Kmer_Sets_L2/Colinear_Block/C26/Connect_Genomes/GCA_052566715.fasta /host/Strain2bScan-paper/work/strainscan_headtohead_rerun/db/Streptococcus_pneumoniae/Kmer_Sets_L2/Colinear_Block/C26/Connect_Genomes/GCA_052566725.fasta
2026-10-06 16:37:29 - StrainScan::build_DB:: C26- Extract blocks from Sibeliaz output
2026-10-06 16:37:31 - StrainScan::build_DB:: C36- Unique k-mer extract
2026-10-06 16:37:31 - StrainScan::build_DB:: C31- Unique k-mer extract
2026-10-06 16:37:32 - StrainScan::build_DB:: C20- Unique k-mer extract
2026-10-06 16:37:32 - StrainScan::build_DB:: C19- Unique k-mer extract
2026-10-06 16:37:32 - StrainScan::build_DB:: C3- Unique k-mer extract
2026-10-06 16:37:32 - StrainScan::build_DB:: C6- Unique k-mer extract
::Scan unique kmer inside cluster and output
Log: GCA_040687875 662 662 0
Log: GCA_040687895 798 798 0
Unique part -> kid_match: 1460 , kmatrix: 1460
2026-10-06 16:37:33 - StrainScan::build_DB:: C36- Partial k-mer extract
Partial Unique part -> kid_match: 1460 , kmatrix: 1460
2026-10-06 16:37:33 - StrainScan::build_DB:: C36- Global k-mer extract and build matrix
::Scan unique kmer inside cluster and output
Log: GCA_055381835 1826 1826 0
Log: GCA_055381415 13274 13274 0
Unique part -> kid_match: 15100 , kmatrix: 15100
2026-10-06 16:37:33 - StrainScan::build_DB:: C31- Partial k-mer extract
Partial Unique part -> kid_match: 15100 , kmatrix: 15100
2026-10-06 16:37:33 - StrainScan::build_DB:: C31- Global k-mer extract and build matrix
::Scan unique kmer inside cluster and output
Log: GCA_036322955 998 998 0
Log: GCA_036322975 1052 1052 0
Unique part -> kid_match: 2050 , kmatrix: 2050
::Scan unique kmer inside cluster and output
Log: GCA_033096265 3406 3406 0
Log: GCA_055382695 4370 4370 0
Unique part -> kid_match: 7776 , kmatrix: 7776
2026-10-06 16:37:34 - StrainScan::build_DB:: C20- Partial k-mer extract
2026-10-06 16:37:34 - StrainScan::build_DB:: C19- Partial k-mer extract
Partial Unique part -> kid_match: 2050 , kmatrix: 2050
2026-10-06 16:37:34 - StrainScan::build_DB:: C19- Global k-mer extract and build matrix
Partial Unique part -> kid_match: 7776 , kmatrix: 7776
2026-10-06 16:37:34 - StrainScan::build_DB:: C20- Global k-mer extract and build matrix
::Scan unique kmer inside cluster and output
Log: GCA_040687865 1308 1308 0
Log: GCA_002947575 77846 77846 0
Unique part -> kid_match: 79154 , kmatrix: 79154
2026-10-06 16:37:34 - StrainScan::build_DB:: C6- Partial k-mer extract
::Scan unique kmer inside cluster and output
Log: GCA_003966525 15120 15120 0
Log: GCA_036509575 100001 138538 0
Unique part -> kid_match: 115121 , kmatrix: 115121
2026-10-06 16:37:34 - StrainScan::build_DB:: C3- Partial k-mer extract
Partial Unique part -> kid_match: 79154 , kmatrix: 79154
2026-10-06 16:37:34 - StrainScan::build_DB:: C6- Global k-mer extract and build matrix
Partial Unique part -> kid_match: 115121 , kmatrix: 115121
2026-10-06 16:37:34 - StrainScan::build_DB:: C3- Global k-mer extract and build matrix
2026-10-06 16:37:36 - StrainScan::build_DB:: C18- Unique k-mer extract
2026-10-06 16:37:38 - StrainScan::build_DB:: C26- Unique k-mer extract
::Scan unique kmer inside cluster and output
Log: GCA_021398285 200 200 0
Log: GCA_021398265 232 232 0
Log: GCA_021398235 188 188 0
Unique part -> kid_match: 620 , kmatrix: 620
2026-10-06 16:37:39 - StrainScan::build_DB:: C18- Partial k-mer extract
Partial Unique part -> kid_match: 56196 , kmatrix: 56196
2026-10-06 16:37:39 - StrainScan::build_DB:: C18- Global k-mer extract and build matrix
2026-10-06 16:37:39 - StrainScan::build_DB: C36- Fill the Sparse matrix: Row:  1460  Column:  2
2026-10-06 16:37:39 - StrainScan::build_DB: C36- Recluster matrix
2026-10-06 16:37:40 - StrainScan::build_DB: C36- The current cluster is finished!
2026-10-06 16:37:40 - StrainScan::build_DB:: C1- Build k-mer dict
::Scan unique kmer inside cluster and output
Log: GCA_058308675 8762 8762 0
Log: GCA_002843545 23846 23846 0
Log: GCA_052566715 478 478 0
Log: GCA_052566725 116 116 0
Unique part -> kid_match: 33202 , kmatrix: 33202
2026-10-06 16:37:42 - StrainScan::build_DB:: C26- Partial k-mer extract
Partial Unique part -> kid_match: 34694 , kmatrix: 34694
2026-10-06 16:37:42 - StrainScan::build_DB:: C26- Global k-mer extract and build matrix
Load kmer to dict...
Process:  1 / 2
Process:  2 / 2
2026-10-06 16:37:45 - StrainScan::build_DB:: C1- Merge genomes
2026-10-06 16:37:45 - StrainScan::build_DB:: C1- Run Sibeliaz
/opt/conda/envs/ss/bin/sibeliaz: line 108: free: command not found
/opt/conda/envs/ss/bin/sibeliaz: line 56: [: : integer expression expected
/opt/conda/envs/ss/bin/sibeliaz: line 60: [: : integer expression expected
sibeliaz -n -m 100 -k 15 -a 300 -o /host/Strain2bScan-paper/work/strainscan_headtohead_rerun/db/Streptococcus_pneumoniae/Kmer_Sets_L2/Colinear_Block/C1/Blocks -t 8 /host/Strain2bScan-paper/work/strainscan_headtohead_rerun/db/Streptococcus_pneumoniae/Kmer_Sets_L2/Colinear_Block/C1/Connect_Genomes/GCA_026625945.fasta /host/Strain2bScan-paper/work/strainscan_headtohead_rerun/db/Streptococcus_pneumoniae/Kmer_Sets_L2/Colinear_Block/C1/Connect_Genomes/GCA_026625965.fasta
2026-10-06 16:37:48 - StrainScan::build_DB:: C1- Extract blocks from Sibeliaz output
2026-10-06 16:37:50 - StrainScan::build_DB:: C1- Unique k-mer extract
::Scan unique kmer inside cluster and output
Log: GCA_026625945 3826 3826 0
Log: GCA_026625965 3842 3842 0
Unique part -> kid_match: 7668 , kmatrix: 7668
2026-10-06 16:37:52 - StrainScan::build_DB:: C1- Partial k-mer extract
Partial Unique part -> kid_match: 7668 , kmatrix: 7668
2026-10-06 16:37:52 - StrainScan::build_DB:: C1- Global k-mer extract and build matrix
2026-10-06 16:37:40 - StrainScan::build_DB: C19- Fill the Sparse matrix: Row:  2050  Column:  2
2026-10-06 16:37:40 - StrainScan::build_DB: C19- Recluster matrix
2026-10-06 16:37:41 - StrainScan::build_DB: C19- The current cluster is finished!
2026-10-06 16:37:40 - StrainScan::build_DB: C31- Fill the Sparse matrix: Row:  15100  Column:  2
2026-10-06 16:37:40 - StrainScan::build_DB: C31- Recluster matrix
2026-10-06 16:37:41 - StrainScan::build_DB: C31- The current cluster is finished!
2026-10-06 16:37:41 - StrainScan::build_DB: C6- Fill the Sparse matrix: Row:  79154  Column:  2
2026-10-06 16:37:44 - StrainScan::build_DB: C6- Recluster matrix
2026-10-06 16:37:44 - StrainScan::build_DB: C6- The current cluster is finished!
2026-10-06 16:37:41 - StrainScan::build_DB: C3- Fill the Sparse matrix: Row:  115121  Column:  2
2026-10-06 16:37:45 - StrainScan::build_DB: C3- Recluster matrix
2026-10-06 16:37:46 - StrainScan::build_DB: C3- The current cluster is finished!
2026-10-06 16:37:40 - StrainScan::build_DB: C20- Fill the Sparse matrix: Row:  7776  Column:  2
2026-10-06 16:37:40 - StrainScan::build_DB: C20- Recluster matrix
2026-10-06 16:37:41 - StrainScan::build_DB: C20- The current cluster is finished!
2026-10-06 16:37:48 - StrainScan::build_DB: C18- Fill the Sparse matrix: Row:  59042  Column:  3
2026-10-06 16:37:51 - StrainScan::build_DB: C18- Recluster matrix
2026-10-06 16:37:51 - StrainScan::build_DB: C18- The current cluster is finished!
2026-10-06 16:37:53 - StrainScan::build_DB: C26- Fill the Sparse matrix: Row:  49800  Column:  4
2026-10-06 16:37:55 - StrainScan::build_DB: C26- Recluster matrix
2026-10-06 16:37:56 - StrainScan::build_DB: C26- The current cluster is finished!
2026-10-06 16:37:58 - StrainScan::build_DB: C1- Fill the Sparse matrix: Row:  7668  Column:  2
2026-10-06 16:37:58 - StrainScan::build_DB: C1- Recluster matrix
2026-10-06 16:37:59 - StrainScan::build_DB: C1- The current cluster is finished!
2026-10-06 16:37:59 - StrainScan::build_DB:: Build sparse matices done - Current Memory Usage: 0.5583 GB
2026-10-06 16:37:59 - StrainScan::build_DB:: - Build omatrix cls k-mer dict...
2026-10-06 16:37:59,495 - Building Overlap matrix
2026-10-06 16:39:54 - StrainScan::build_DB:: - Build omatrix cls k-mer dict... Done
2026-10-06 16:39:54 - StrainScan::build_DB:: C26- Build overlap matrix...
2026-10-06 16:39:56 - StrainScan::build_DB:: C26- Current Memory Usage: 8.5042 GB
2026-10-06 16:39:56 - StrainScan::build_DB:: C26- Omatrix finished
2026-10-06 16:39:56 - StrainScan::build_DB:: C18- Build overlap matrix...
2026-10-06 16:39:59 - StrainScan::build_DB:: C18- Current Memory Usage: 8.5046 GB
2026-10-06 16:39:59 - StrainScan::build_DB:: C18- Omatrix finished
2026-10-06 16:39:59 - StrainScan::build_DB:: C6- Build overlap matrix...
2026-10-06 16:40:04 - StrainScan::build_DB:: C6- Current Memory Usage: 8.5070 GB
2026-10-06 16:40:04 - StrainScan::build_DB:: C6- Omatrix finished
2026-10-06 16:40:04 - StrainScan::build_DB:: C36- Build overlap matrix...
2026-10-06 16:40:04 - StrainScan::build_DB:: C36- Current Memory Usage: 8.5012 GB
2026-10-06 16:40:04 - StrainScan::build_DB:: C36- Omatrix finished
2026-10-06 16:40:04 - StrainScan::build_DB:: C31- Build overlap matrix...
2026-10-06 16:40:05 - StrainScan::build_DB:: C31- Current Memory Usage: 8.5012 GB
2026-10-06 16:40:05 - StrainScan::build_DB:: C31- Omatrix finished
2026-10-06 16:40:05 - StrainScan::build_DB:: C3- Build overlap matrix...
2026-10-06 16:40:12 - StrainScan::build_DB:: C3- Current Memory Usage: 8.5132 GB
2026-10-06 16:40:12 - StrainScan::build_DB:: C3- Omatrix finished
2026-10-06 16:40:12 - StrainScan::build_DB:: C20- Build overlap matrix...
2026-10-06 16:40:12 - StrainScan::build_DB:: C20- Current Memory Usage: 8.5040 GB
2026-10-06 16:40:12 - StrainScan::build_DB:: C20- Omatrix finished
2026-10-06 16:40:12 - StrainScan::build_DB:: C19- Build overlap matrix...
2026-10-06 16:40:12 - StrainScan::build_DB:: C19- Current Memory Usage: 8.5041 GB
2026-10-06 16:40:12 - StrainScan::build_DB:: C19- Omatrix finished
2026-10-06 16:40:12 - StrainScan::build_DB:: C1- Build overlap matrix...
2026-10-06 16:40:12 - StrainScan::build_DB:: C1- Current Memory Usage: 8.5042 GB
2026-10-06 16:40:12 - StrainScan::build_DB:: C1- Omatrix finished
2026-10-06 16:40:12 - StrainScan::build_DB:: - All omatrices are finished now.
