__________________________________________________
47:    1.295781 | 0.318367    30000
__________________________________________________
parent node: 47 ->
46:    1.190030 | 0.291533    30000
3:    0.000000 | 0.000000    30000
__________________________________________________
parent node: 46 ->
45:    1.155256 | 0.289200    30000
39:    0.000000 | 0.000033    30000
__________________________________________________
parent node: 45 ->
44:    1.126001 | 0.362002    5174
43:    0.000000 | 0.000000    30000
__________________________________________________
parent node: 44 ->
32:    1.204950 | 0.235667    30000
30:    0.000000 | 0.000133    30000
__________________________________________________
parent node: 32 ->
28:    1.158714 | 0.269667    30000
27:    1.036757 | 0.066200    30000
__________________________________________________
parent node: 27 ->
26:    0.000000 | 0.000000    16136
25:    1.001232 | 0.027067    30000
__________________________________________________
parent node: 28 ->
14:    0.000000 | 0.000167    30000
13:    1.186071 | 0.256533    30000
__________________________________________________
parent node: 25 ->
17:    0.000000 | 0.000000    30000
2:    1.023747 | 0.025267    30000
- The total running time of tree search is  3.466334342956543  s

defaultdict(<function identify_cluster.<locals>.<lambda> at 0x7fff99ecb598>, {13: {'cls_ab': 1.19796139414336, 'cls_per': 1.0, 'cls_cov': 0.27920766414291426, 'cls_total_num': 185174, 'cls_covered_num': 51702, 'strain': 'GCA_033947425', 's_ab': 1.19796139414336}})
- Check L1 identification result firstly ...
- Only single cluster is identified, will not go to the 2nd layer identification ...
