__________________________________________________
47:    4.167891 | 0.971267    30000
__________________________________________________
parent node: 47 ->
46:    3.558736 | 0.967600    30000
3:    0.000000 | 0.000633    30000
__________________________________________________
parent node: 46 ->
45:    3.546292 | 0.958767    30000
39:    0.000000 | 0.004233    30000
__________________________________________________
parent node: 45 ->
44:    3.632505 | 0.956127    5174
43:    0.000000 | 0.000000    30000
__________________________________________________
parent node: 44 ->
32:    3.402710 | 0.954367    30000
30:    0.000000 | 0.002533    30000
__________________________________________________
parent node: 32 ->
28:    3.222214 | 0.950733    30000
27:    1.153097 | 0.294367    30000
__________________________________________________
parent node: 28 ->
14:    0.000000 | 0.001833    30000
13:    3.155059 | 0.949100    30000
__________________________________________________
parent node: 27 ->
26:    0.000000 | 0.001425    16136
25:    1.142766 | 0.262433    30000
__________________________________________________
parent node: 25 ->
17:    0.000000 | 0.000900    30000
2:    1.165377 | 0.219700    30000
- The total running time of tree search is  3.3288381099700928  s

defaultdict(<function identify_cluster.<locals>.<lambda> at 0x7fff99ecb598>, {13: {'cls_ab': 3.5147772982839633, 'cls_per': 1.0, 'cls_cov': 0.9585686975493319, 'cls_total_num': 185174, 'cls_covered_num': 177502, 'strain': 'GCA_033947425', 's_ab': 3.5147772982839633}})
- Check L1 identification result firstly ...
- Only single cluster is identified, will not go to the 2nd layer identification ...
