__________________________________________________
47:    2.779312 | 0.888133    30000
__________________________________________________
parent node: 47 ->
46:    2.373411 | 0.870533    30000
3:    0.000000 | 0.000333    30000
__________________________________________________
parent node: 46 ->
45:    2.376576 | 0.859500    30000
39:    0.000000 | 0.002067    30000
__________________________________________________
parent node: 45 ->
44:    2.326087 | 0.897951    5174
43:    0.000000 | 0.000000    30000
__________________________________________________
parent node: 44 ->
32:    2.227953 | 0.850467    30000
30:    0.000000 | 0.001200    30000
__________________________________________________
parent node: 32 ->
28:    2.219327 | 0.841667    30000
27:    1.097021 | 0.209233    30000
__________________________________________________
parent node: 28 ->
14:    0.000000 | 0.001267    30000
13:    2.170878 | 0.836467    30000
__________________________________________________
parent node: 27 ->
26:    0.000000 | 0.001425    16136
25:    1.088100 | 0.166100    30000
__________________________________________________
parent node: 25 ->
17:    0.000000 | 0.000600    30000
2:    1.106535 | 0.144867    30000
- The total running time of tree search is  3.17932391166687  s

defaultdict(<function identify_cluster.<locals>.<lambda> at 0x7fff99ecb598>, {13: {'cls_ab': 2.3607881847732464, 'cls_per': 1.0, 'cls_cov': 0.8589164785553047, 'cls_total_num': 185174, 'cls_covered_num': 159049, 'strain': 'GCA_033947425', 's_ab': 2.3607881847732464}})
- Check L1 identification result firstly ...
- Only single cluster is identified, will not go to the 2nd layer identification ...
