__________________________________________________
47:    8.047942 | 0.999133    30000
__________________________________________________
parent node: 47 ->
46:    6.905912 | 0.999067    30000
3:    0.000000 | 0.001100    30000
__________________________________________________
parent node: 46 ->
45:    6.930784 | 0.998800    30000
39:    0.000000 | 0.008500    30000
__________________________________________________
parent node: 45 ->
44:    6.895044 | 0.994395    5174
43:    0.000000 | 0.000033    30000
__________________________________________________
parent node: 44 ->
32:    6.738001 | 0.998733    30000
30:    0.000000 | 0.004733    30000
__________________________________________________
parent node: 32 ->
28:    6.211388 | 0.998167    30000
27:    1.316727 | 0.454967    30000
__________________________________________________
parent node: 28 ->
14:    0.000000 | 0.003467    30000
13:    5.979793 | 0.996333    30000
__________________________________________________
parent node: 27 ->
26:    0.000000 | 0.002975    16136
25:    1.380785 | 0.445133    30000
__________________________________________________
parent node: 25 ->
17:    0.000000 | 0.003000    30000
2:    1.325435 | 0.377033    30000
- The total running time of tree search is  3.7428088188171387  s

defaultdict(<function identify_cluster.<locals>.<lambda> at 0x7fff99ecb598>, {13: {'cls_ab': 6.095696498704771, 'cls_per': 0.8196091742104041, 'cls_cov': 0.99725, 'cls_total_num': 60000, 'cls_covered_num': 59835, 'strain': 'GCA_033947425', 's_ab': 6.095696498704771}, 2: {'cls_ab': 1.3416244714725687, 'cls_per': 0.18039082578959587, 'cls_cov': 0.4257111111111111, 'cls_total_num': 90000, 'cls_covered_num': 38314, 'strain': 0, 's_ab': 0}})
- Check L1 identification result firstly ...
- 2 clusters are identified ...
- Parallel strain-level identification ...
- Generate final report ...
