__________________________________________________
47:    1.544058 | 0.527333    30000
__________________________________________________
parent node: 47 ->
46:    1.385687 | 0.497900    30000
3:    0.000000 | 0.000133    30000
__________________________________________________
parent node: 46 ->
45:    1.374817 | 0.478900    30000
39:    0.000000 | 0.000267    30000
__________________________________________________
parent node: 45 ->
44:    1.388227 | 0.535176    5174
43:    0.000000 | 0.000000    30000
__________________________________________________
parent node: 44 ->
32:    1.346864 | 0.447533    30000
30:    0.000000 | 0.000200    30000
__________________________________________________
parent node: 32 ->
28:    1.358426 | 0.475133    30000
27:    1.075595 | 0.096567    30000
__________________________________________________
parent node: 27 ->
26:    0.000000 | 0.000000    16136
25:    1.023292 | 0.042933    30000
__________________________________________________
parent node: 28 ->
14:    0.000000 | 0.000267    30000
13:    1.330965 | 0.473767    30000
__________________________________________________
parent node: 25 ->
17:    0.000000 | 0.000000    30000
2:    1.026087 | 0.057500    30000
- The total running time of tree search is  3.244913101196289  s

defaultdict(<function identify_cluster.<locals>.<lambda> at 0x7fff99ecb598>, {13: {'cls_ab': 1.3447149330804087, 'cls_per': 0.5615939713924246, 'cls_cov': 0.47445, 'cls_total_num': 60000, 'cls_covered_num': 28467, 'strain': 'GCA_033947425', 's_ab': 1.3447149330804087}, 2: {'cls_ab': 1.049746192893401, 'cls_per': 0.4384060286075753, 'cls_cov': 0.06566666666666666, 'cls_total_num': 90000, 'cls_covered_num': 5910, 'strain': 0, 's_ab': 0}})
- Check L1 identification result firstly ...
- 2 clusters are identified ...
- Parallel strain-level identification ...
- Generate final report ...
