__________________________________________________
19:    1.179487 | 0.112903    2418
__________________________________________________
parent node: 19 ->
18:    1.184486 | 0.286200    30000
10:    0.000000 | 0.000000    30000
__________________________________________________
parent node: 18 ->
17:    1.158065 | 0.278367    30000
2:    0.000000 | 0.000067    30000
__________________________________________________
parent node: 17 ->
16:    1.091320 | 0.269324    22200
1:    0.000000 | 0.000033    30000
__________________________________________________
parent node: 16 ->
15:    0.000000 | 0.030046    7422
5:    1.228429 | 0.280467    30000
- The total running time of tree search is  1.606447696685791  s

__________________________________________________
19:    1.179487 | 0.112903    2418
__________________________________________________
parent node: 19 ->
18:    1.184486 | 0.286200    30000
10:    0.000000 | 0.000000    30000
__________________________________________________
parent node: 18 ->
17:    1.158065 | 0.278367    30000
2:    0.000000 | 0.000067    30000
__________________________________________________
parent node: 17 ->
16:    1.091320 | 0.269324    22200
1:    0.000000 | 0.000033    30000
__________________________________________________
parent node: 16 ->
15:    0.000000 | 0.030046    7422
5:    1.228429 | 0.280467    30000
- The total running time of tree search is  1.3917434215545654  s

defaultdict(<function identify_cluster.<locals>.<lambda> at 0x7fff99ecc598>, {5: {'cls_ab': 1.1715343480049365, 'cls_per': 1.0, 'cls_cov': 0.2757245807813781, 'cls_total_num': 114618, 'cls_covered_num': 31603, 'strain': 0, 's_ab': 0}})
- Check L1 identification result firstly ...
- Only 1 cluster is identified ...
