Selected 27 species for strain DB construction:
  s__Rothia_mucilaginosa                        ->  13 entries,   13 genomes
  s__Rothia_mucilaginosa_B                      ->  13 entries,   13 genomes
  s__Streptococcus_salivarius                   ->  49 entries,   49 genomes
  s__Prevotella_melaninogenica                  ->  31 entries,   31 genomes
  s__Neisseria_subflava_C                       ->   8 entries,    8 genomes
  s__Streptococcus_sanguinis                    ->  45 entries,   45 genomes
  s__Rothia_aeria                               ->   3 entries,    3 genomes
  s__Neisseria_subflava_A                       ->   8 entries,    8 genomes
  s__Neisseria_mucosa                           ->   2 entries,    2 genomes
  s__Streptococcus_pneumoniae_D                 -> 314 entries,  314 genomes
  s__Streptococcus_pseudopneumoniae_O           ->   2 entries,    2 genomes
  s__Prevotella_histicola                       ->   2 entries,    2 genomes
  s__Streptococcus_parasanguinis_B              ->   6 entries,    6 genomes
  s__Veillonella_atypica                        ->   1 entries,    1 genomes
  s__Streptococcus_mitis_BQ                     ->  22 entries,   22 genomes
  s__Neisseria_subflava                         ->   8 entries,    8 genomes
  s__Neisseria_flavescens_B                     ->   1 entries,    1 genomes
  s__Lautropia_mirabilis                        ->   2 entries,    2 genomes
  s__Gemella_sanguinis                          ->   1 entries,    1 genomes
  s__Streptococcus_mitis_BB                     ->  22 entries,   22 genomes
  s__Streptococcus_mitis                        ->  22 entries,   22 genomes
  s__Rothia_dentocariosa                        ->   7 entries,    7 genomes
  s__Streptococcus_oralis                       ->  30 entries,   30 genomes
  s__Gemella_haemolysans_B                      ->   3 entries,    3 genomes
  s__Streptococcus_mitis_O                      ->  22 entries,   22 genomes
  s__Streptococcus_mutans                       ->  37 entries,   37 genomes
  s__Streptococcus_sobrinus                     ->   6 entries,    6 genomes

[Rothia_mucilaginosa] copying 11 genomes...
  Building BcgI DB from 11 genomes...
  Built /lustre1/g/aos_shihuang/Strain2bScan/work/ecc_strain/dbs_v2/Rothia_mucilaginosa.db.tsv

[Rothia_mucilaginosa_B] copying 11 genomes...
  Building BcgI DB from 11 genomes...
  Built /lustre1/g/aos_shihuang/Strain2bScan/work/ecc_strain/dbs_v2/Rothia_mucilaginosa_B.db.tsv

[Streptococcus_salivarius] copying 39 genomes...
  Building BcgI DB from 39 genomes...
  Built /lustre1/g/aos_shihuang/Strain2bScan/work/ecc_strain/dbs_v2/Streptococcus_salivarius.db.tsv

[Prevotella_melaninogenica] copying 14 genomes...
  Building BcgI DB from 14 genomes...
  Built /lustre1/g/aos_shihuang/Strain2bScan/work/ecc_strain/dbs_v2/Prevotella_melaninogenica.db.tsv

[Neisseria_subflava_C] copying 8 genomes...
  Building BcgI DB from 8 genomes...
  Built /lustre1/g/aos_shihuang/Strain2bScan/work/ecc_strain/dbs_v2/Neisseria_subflava_C.db.tsv

[Streptococcus_sanguinis] copying 45 genomes...
  Building BcgI DB from 45 genomes...
  Built /lustre1/g/aos_shihuang/Strain2bScan/work/ecc_strain/dbs_v2/Streptococcus_sanguinis.db.tsv

[Rothia_aeria] copying 3 genomes...
  Building BcgI DB from 3 genomes...
  Built /lustre1/g/aos_shihuang/Strain2bScan/work/ecc_strain/dbs_v2/Rothia_aeria.db.tsv

[Neisseria_subflava_A] copying 8 genomes...
  Building BcgI DB from 8 genomes...
  Built /lustre1/g/aos_shihuang/Strain2bScan/work/ecc_strain/dbs_v2/Neisseria_subflava_A.db.tsv

[Neisseria_mucosa] copying 2 genomes...
  Building BcgI DB from 2 genomes...
  Built /lustre1/g/aos_shihuang/Strain2bScan/work/ecc_strain/dbs_v2/Neisseria_mucosa.db.tsv

[Streptococcus_pneumoniae_D] copying 308 genomes...
  Building BcgI DB from 308 genomes...
  Built /lustre1/g/aos_shihuang/Strain2bScan/work/ecc_strain/dbs_v2/Streptococcus_pneumoniae_D.db.tsv

[Streptococcus_pseudopneumoniae_O] copying 1 genomes...
  Building BcgI DB from 1 genomes...
  Built /lustre1/g/aos_shihuang/Strain2bScan/work/ecc_strain/dbs_v2/Streptococcus_pseudopneumoniae_O.db.tsv

[Prevotella_histicola] copying 1 genomes...
  Building BcgI DB from 1 genomes...
  Built /lustre1/g/aos_shihuang/Strain2bScan/work/ecc_strain/dbs_v2/Prevotella_histicola.db.tsv

[Streptococcus_parasanguinis_B] copying 5 genomes...
  Building BcgI DB from 5 genomes...
  Built /lustre1/g/aos_shihuang/Strain2bScan/work/ecc_strain/dbs_v2/Streptococcus_parasanguinis_B.db.tsv

[Veillonella_atypica] copying 1 genomes...
  Building BcgI DB from 1 genomes...
  Built /lustre1/g/aos_shihuang/Strain2bScan/work/ecc_strain/dbs_v2/Veillonella_atypica.db.tsv

[Streptococcus_mitis_BQ] copying 20 genomes...
  Building BcgI DB from 20 genomes...
  Built /lustre1/g/aos_shihuang/Strain2bScan/work/ecc_strain/dbs_v2/Streptococcus_mitis_BQ.db.tsv

[Neisseria_subflava] copying 8 genomes...
  Building BcgI DB from 8 genomes...
  Built /lustre1/g/aos_shihuang/Strain2bScan/work/ecc_strain/dbs_v2/Neisseria_subflava.db.tsv

[Neisseria_flavescens_B] copying 1 genomes...
  Building BcgI DB from 1 genomes...
  Built /lustre1/g/aos_shihuang/Strain2bScan/work/ecc_strain/dbs_v2/Neisseria_flavescens_B.db.tsv

[Lautropia_mirabilis] copying 2 genomes...
  Building BcgI DB from 2 genomes...
  Built /lustre1/g/aos_shihuang/Strain2bScan/work/ecc_strain/dbs_v2/Lautropia_mirabilis.db.tsv

[Gemella_sanguinis] copying 1 genomes...
  Building BcgI DB from 1 genomes...
  Built /lustre1/g/aos_shihuang/Strain2bScan/work/ecc_strain/dbs_v2/Gemella_sanguinis.db.tsv

[Streptococcus_mitis_BB] copying 20 genomes...
  Building BcgI DB from 20 genomes...
  Built /lustre1/g/aos_shihuang/Strain2bScan/work/ecc_strain/dbs_v2/Streptococcus_mitis_BB.db.tsv

[Streptococcus_mitis] copying 20 genomes...
  Building BcgI DB from 20 genomes...
  Built /lustre1/g/aos_shihuang/Strain2bScan/work/ecc_strain/dbs_v2/Streptococcus_mitis.db.tsv

[Rothia_dentocariosa] copying 7 genomes...
  Building BcgI DB from 7 genomes...
  Built /lustre1/g/aos_shihuang/Strain2bScan/work/ecc_strain/dbs_v2/Rothia_dentocariosa.db.tsv

[Streptococcus_oralis] copying 29 genomes...
  Building BcgI DB from 29 genomes...
  Built /lustre1/g/aos_shihuang/Strain2bScan/work/ecc_strain/dbs_v2/Streptococcus_oralis.db.tsv

[Gemella_haemolysans_B] copying 3 genomes...
  Building BcgI DB from 3 genomes...
  Built /lustre1/g/aos_shihuang/Strain2bScan/work/ecc_strain/dbs_v2/Gemella_haemolysans_B.db.tsv

[Streptococcus_mitis_O] copying 20 genomes...
  Building BcgI DB from 20 genomes...
  Built /lustre1/g/aos_shihuang/Strain2bScan/work/ecc_strain/dbs_v2/Streptococcus_mitis_O.db.tsv

[Streptococcus_mutans] copying 34 genomes...
  Building BcgI DB from 34 genomes...
  Built /lustre1/g/aos_shihuang/Strain2bScan/work/ecc_strain/dbs_v2/Streptococcus_mutans.db.tsv

[Streptococcus_sobrinus] copying 6 genomes...
  Building BcgI DB from 6 genomes...
  Built /lustre1/g/aos_shihuang/Strain2bScan/work/ecc_strain/dbs_v2/Streptococcus_sobrinus.db.tsv

Done. DBs in /lustre1/g/aos_shihuang/Strain2bScan/work/ecc_strain/dbs_v2
