warning: /Users/macstudio/Downloads/Strain2bScan-raw-data/MSA_combined164_all.tsv: legacy database header without per-strain marker counts; truncation of legacy databases is not fully detectable (rebuild the database to enable it)
sample: 3167001 distinct tag markers (enzymes: CspCI+AloI+BsaXI+BaeI+BcgI+CjeI+PpiI+PsrI+BplI+FalI+Bsp24I+HaeIV+CjePI+Hin4I+AlfI+BslFI, threads: 16)
layer1: unique (auto — this DB carries no tree)
  C58          abundance= 26.08%  depth=1554.787x  coverage=100.00%  support=230
  C96          abundance= 15.53%  depth=925.878x  coverage= 99.60%  support=2254
  C121         abundance= 15.20%  depth=905.851x  coverage= 99.92%  support=1184
  C50          abundance= 15.00%  depth=894.326x  coverage=100.00%  support=1160
  C64          abundance= 14.95%  depth=891.119x  coverage=100.00%  support=41
  C68          abundance= 13.02%  depth=776.277x  coverage=100.00%  support=465
  C115         abundance=  0.08%  depth=  4.952x  coverage= 79.37%  support=391
  C129         abundance=  0.02%  depth=  1.093x  coverage= 60.46%  support=584
  C90          abundance=  0.02%  depth=  0.946x  coverage= 55.66%  support=1278
  C47          abundance=  0.02%  depth=  0.901x  coverage= 52.94%  support=3218
  C24          abundance=  0.01%  depth=  0.734x  coverage= 46.94%  support=4192
  C127         abundance=  0.01%  depth=  0.500x  coverage= 34.76%  support=3520
  C29          abundance=  0.01%  depth=  0.433x  coverage= 30.45%  support=977
  C35          abundance=  0.01%  depth=  0.423x  coverage= 30.44%  support=3768
  C6           abundance=  0.01%  depth=  0.421x  coverage= 28.99%  support=2627
  C72          abundance=  0.01%  depth=  0.332x  coverage= 23.12%  support=921
  C123         abundance=  0.00%  depth=  0.267x  coverage= 14.40%  support=333
  C110         abundance=  0.00%  depth=  0.223x  coverage= 15.88%  support=67
  C70          abundance=  0.00%  depth=  0.213x  coverage= 16.26%  support=80
  C51          abundance=  0.00%  depth=  0.189x  coverage= 12.04%  support=140
  C12          abundance=  0.00%  depth=  0.167x  coverage= 12.44%  support=195
  C52          abundance=  0.00%  depth=  0.160x  coverage= 11.03%  support=121
  C97          abundance=  0.00%  depth=  0.149x  coverage= 10.43%  support=239
  C99          abundance=  0.00%  depth=  0.146x  coverage= 10.62%  support=233
  C98          abundance=  0.00%  depth=  0.144x  coverage= 10.25%  support=259
  C53          abundance=  0.00%  depth=  0.144x  coverage= 10.40%  support=44
  C60          abundance=  0.00%  depth=  0.142x  coverage= 10.83%  support=287
predictions -> /Users/macstudio/Downloads/Strain2bScan-paper/work/mock_retest/retest_f26f234/wms_analysis/wms164/WMS_MSA1007_0_100ng_2.pred
