warning: /Users/macstudio/Downloads/Strain2bScan-raw-data/MSA_combined164_bcgi_cont.tsv: legacy database header without per-strain marker counts; truncation of legacy databases is not fully detectable (rebuild the database to enable it)
sample: 70635 distinct tag markers (enzymes: BcgI, threads: 16)
layer1: unique (auto — this DB carries no tree)
  C105         abundance= 16.07%  depth=209.900x  coverage=100.00%  support=10
  C53          abundance= 13.09%  depth=171.000x  coverage=100.00%  support=8
  C119         abundance=  7.46%  depth= 97.464x  coverage= 92.86%  support=26
  C111         abundance=  7.31%  depth= 95.520x  coverage= 96.00%  support=24
  C0           abundance=  6.81%  depth= 88.935x  coverage= 94.20%  support=257
  C25          abundance=  5.40%  depth= 70.490x  coverage= 95.95%  support=447
  C101         abundance=  5.30%  depth= 69.200x  coverage= 77.14%  support=25
  C36          abundance=  4.92%  depth= 64.286x  coverage= 95.92%  support=46
  C75          abundance=  4.92%  depth= 64.267x  coverage= 92.31%  support=193
  C51          abundance=  4.16%  depth= 54.339x  coverage= 63.98%  support=113
  C71          abundance=  3.41%  depth= 44.538x  coverage= 85.18%  support=367
  C81          abundance=  3.10%  depth= 40.438x  coverage= 81.59%  support=157
  C42          abundance=  3.00%  depth= 39.126x  coverage= 83.02%  support=333
  C32          abundance=  2.75%  depth= 35.910x  coverage= 79.79%  support=793
  C11          abundance=  2.50%  depth= 32.677x  coverage= 88.36%  support=196
  C91          abundance=  2.29%  depth= 29.901x  coverage= 71.90%  support=373
  C15          abundance=  2.19%  depth= 28.633x  coverage= 76.50%  support=244
  C35          abundance=  2.07%  depth= 27.068x  coverage= 71.11%  support=1846
  C96          abundance=  1.81%  depth= 23.674x  coverage= 69.05%  support=414
  C21          abundance=  1.39%  depth= 18.183x  coverage= 68.61%  support=731
  C33          abundance=  0.02%  depth=  0.260x  coverage= 15.80%  support=85
  C34          abundance=  0.01%  depth=  0.186x  coverage= 15.84%  support=35
predictions -> /Users/macstudio/Downloads/Strain2bScan-paper/work/mock_retest/retest_f26f234/wms_analysis/brad164/BcgI_MSA1002_0_0.1ng_1.pred
