warning: /Users/macstudio/Downloads/Strain2bScan-raw-data/MSA1002_combined_all.tsv: legacy database header without per-strain marker counts; truncation of legacy databases is not fully detectable (rebuild the database to enable it)
sample: 5659687 distinct tag markers (enzymes: CspCI+AloI+BsaXI+BaeI+BcgI+CjeI+PpiI+PsrI+BplI+FalI+Bsp24I+HaeIV+CjePI+Hin4I+AlfI+BslFI, threads: 16)
layer1: unique (auto — this DB carries no tree)
  C79          abundance= 39.01%  depth=1496.610x  coverage=100.00%  support=693
  C91          abundance= 14.34%  depth=550.230x  coverage=100.00%  support=966
  C58          abundance= 13.25%  depth=508.536x  coverage=100.00%  support=2296
  C35          abundance= 12.84%  depth=492.549x  coverage=100.00%  support=6081
  C18          abundance= 10.63%  depth=407.757x  coverage= 99.94%  support=8925
  C74          abundance=  3.23%  depth=124.036x  coverage= 99.05%  support=417
  C6           abundance=  1.73%  depth= 66.548x  coverage=100.00%  support=1567
  C85          abundance=  1.47%  depth= 56.482x  coverage= 99.92%  support=1190
  C22          abundance=  1.44%  depth= 55.126x  coverage= 99.96%  support=30106
  C64          abundance=  1.16%  depth= 44.656x  coverage= 99.96%  support=5130
  C40          abundance=  0.29%  depth= 10.948x  coverage=100.00%  support=230
  C0           abundance=  0.14%  depth=  5.385x  coverage= 98.72%  support=6075
  C38          abundance=  0.14%  depth=  5.248x  coverage= 96.97%  support=4263
  C23          abundance=  0.13%  depth=  5.005x  coverage= 96.92%  support=11276
  C46          abundance=  0.12%  depth=  4.626x  coverage= 97.63%  support=2987
  C29          abundance=  0.01%  depth=  0.524x  coverage= 35.56%  support=526
  C52          abundance=  0.01%  depth=  0.505x  coverage= 34.61%  support=2083
  C69          abundance=  0.01%  depth=  0.453x  coverage= 31.57%  support=1804
  C12          abundance=  0.01%  depth=  0.448x  coverage= 31.49%  support=1074
  C28          abundance=  0.01%  depth=  0.398x  coverage= 28.53%  support=6461
  C60          abundance=  0.00%  depth=  0.176x  coverage= 10.56%  support=254
  C93          abundance=  0.00%  depth=  0.168x  coverage= 11.59%  support=119
  C94          abundance=  0.00%  depth=  0.147x  coverage= 10.49%  support=126
  C61          abundance=  0.00%  depth=  0.139x  coverage= 10.37%  support=213
  C80          abundance=  0.00%  depth=  0.131x  coverage= 10.36%  support=134
predictions -> /Users/macstudio/Downloads/Strain2bScan-paper/work/mock_retest/retest_f26f234/wms_analysis/shot120/WMS_MSA1003_0_100ng_1.pred
